Archive member included to satisfy reference by file (symbol)

c:/st/stm32cubeide_1.5.0/stm32cubeide/plugins/com.st.stm32cube.ide.mcu.externaltools.gnu-tools-for-stm32.7-2018-q2-update.win32_1.5.0.202011040924/tools/bin/../lib/gcc/arm-none-eabi/7.3.1/../../../../arm-none-eabi/lib/thumb/v7e-m/fpv4-sp/hard\libc_nano.a(lib_a-errno.o)
                              Core/Src/syscalls.o (__errno)
c:/st/stm32cubeide_1.5.0/stm32cubeide/plugins/com.st.stm32cube.ide.mcu.externaltools.gnu-tools-for-stm32.7-2018-q2-update.win32_1.5.0.202011040924/tools/bin/../lib/gcc/arm-none-eabi/7.3.1/../../../../arm-none-eabi/lib/thumb/v7e-m/fpv4-sp/hard\libc_nano.a(lib_a-exit.o)
                              c:/st/stm32cubeide_1.5.0/stm32cubeide/plugins/com.st.stm32cube.ide.mcu.externaltools.gnu-tools-for-stm32.7-2018-q2-update.win32_1.5.0.202011040924/tools/bin/../lib/gcc/arm-none-eabi/7.3.1/../../../../arm-none-eabi/lib/thumb/v7e-m/fpv4-sp/hard/crt0.o (exit)
c:/st/stm32cubeide_1.5.0/stm32cubeide/plugins/com.st.stm32cube.ide.mcu.externaltools.gnu-tools-for-stm32.7-2018-q2-update.win32_1.5.0.202011040924/tools/bin/../lib/gcc/arm-none-eabi/7.3.1/../../../../arm-none-eabi/lib/thumb/v7e-m/fpv4-sp/hard\libc_nano.a(lib_a-impure.o)
                              c:/st/stm32cubeide_1.5.0/stm32cubeide/plugins/com.st.stm32cube.ide.mcu.externaltools.gnu-tools-for-stm32.7-2018-q2-update.win32_1.5.0.202011040924/tools/bin/../lib/gcc/arm-none-eabi/7.3.1/../../../../arm-none-eabi/lib/thumb/v7e-m/fpv4-sp/hard\libc_nano.a(lib_a-exit.o) (_global_impure_ptr)
c:/st/stm32cubeide_1.5.0/stm32cubeide/plugins/com.st.stm32cube.ide.mcu.externaltools.gnu-tools-for-stm32.7-2018-q2-update.win32_1.5.0.202011040924/tools/bin/../lib/gcc/arm-none-eabi/7.3.1/../../../../arm-none-eabi/lib/thumb/v7e-m/fpv4-sp/hard\libc_nano.a(lib_a-init.o)
                              c:/st/stm32cubeide_1.5.0/stm32cubeide/plugins/com.st.stm32cube.ide.mcu.externaltools.gnu-tools-for-stm32.7-2018-q2-update.win32_1.5.0.202011040924/tools/bin/../lib/gcc/arm-none-eabi/7.3.1/../../../../arm-none-eabi/lib/thumb/v7e-m/fpv4-sp/hard/crt0.o (__libc_init_array)
c:/st/stm32cubeide_1.5.0/stm32cubeide/plugins/com.st.stm32cube.ide.mcu.externaltools.gnu-tools-for-stm32.7-2018-q2-update.win32_1.5.0.202011040924/tools/bin/../lib/gcc/arm-none-eabi/7.3.1/../../../../arm-none-eabi/lib/thumb/v7e-m/fpv4-sp/hard\libc_nano.a(lib_a-itoa.o)
                              components/sensorsGatekeeper/private/sensorsGatekeeper_internal.o (itoa)
c:/st/stm32cubeide_1.5.0/stm32cubeide/plugins/com.st.stm32cube.ide.mcu.externaltools.gnu-tools-for-stm32.7-2018-q2-update.win32_1.5.0.202011040924/tools/bin/../lib/gcc/arm-none-eabi/7.3.1/../../../../arm-none-eabi/lib/thumb/v7e-m/fpv4-sp/hard\libc_nano.a(lib_a-memcpy-stub.o)
                              Middlewares/FreeRTOS/cmsis_os2.o (memcpy)
c:/st/stm32cubeide_1.5.0/stm32cubeide/plugins/com.st.stm32cube.ide.mcu.externaltools.gnu-tools-for-stm32.7-2018-q2-update.win32_1.5.0.202011040924/tools/bin/../lib/gcc/arm-none-eabi/7.3.1/../../../../arm-none-eabi/lib/thumb/v7e-m/fpv4-sp/hard\libc_nano.a(lib_a-memset.o)
                              c:/st/stm32cubeide_1.5.0/stm32cubeide/plugins/com.st.stm32cube.ide.mcu.externaltools.gnu-tools-for-stm32.7-2018-q2-update.win32_1.5.0.202011040924/tools/bin/../lib/gcc/arm-none-eabi/7.3.1/../../../../arm-none-eabi/lib/thumb/v7e-m/fpv4-sp/hard/crt0.o (memset)
c:/st/stm32cubeide_1.5.0/stm32cubeide/plugins/com.st.stm32cube.ide.mcu.externaltools.gnu-tools-for-stm32.7-2018-q2-update.win32_1.5.0.202011040924/tools/bin/../lib/gcc/arm-none-eabi/7.3.1/../../../../arm-none-eabi/lib/thumb/v7e-m/fpv4-sp/hard\libc_nano.a(lib_a-strcat.o)
                              components/sensorsGatekeeper/private/sensorsGatekeeper_internal.o (strcat)
c:/st/stm32cubeide_1.5.0/stm32cubeide/plugins/com.st.stm32cube.ide.mcu.externaltools.gnu-tools-for-stm32.7-2018-q2-update.win32_1.5.0.202011040924/tools/bin/../lib/gcc/arm-none-eabi/7.3.1/../../../../arm-none-eabi/lib/thumb/v7e-m/fpv4-sp/hard\libc_nano.a(lib_a-strcpy.o)
                              components/sensorsGatekeeper/private/sensorsGatekeeper_internal.o (strcpy)
c:/st/stm32cubeide_1.5.0/stm32cubeide/plugins/com.st.stm32cube.ide.mcu.externaltools.gnu-tools-for-stm32.7-2018-q2-update.win32_1.5.0.202011040924/tools/bin/../lib/gcc/arm-none-eabi/7.3.1/../../../../arm-none-eabi/lib/thumb/v7e-m/fpv4-sp/hard\libc_nano.a(lib_a-strlen.o)
                              components/sensorsGatekeeper/sensorsGatekeeper_public.o (strlen)
c:/st/stm32cubeide_1.5.0/stm32cubeide/plugins/com.st.stm32cube.ide.mcu.externaltools.gnu-tools-for-stm32.7-2018-q2-update.win32_1.5.0.202011040924/tools/bin/../lib/gcc/arm-none-eabi/7.3.1/../../../../arm-none-eabi/lib/thumb/v7e-m/fpv4-sp/hard\libc_nano.a(lib_a-utoa.o)
[...]
Memory Configuration

Name             Origin             Length             Attributes
CCMRAM           0x0000000010000000 0x0000000000010000 xrw
RAM              0x0000000020000000 0x0000000000030000 xrw
FLASH            0x0000000008000000 0x0000000000200000 xr
*default*        0x0000000000000000 0xffffffffffffffff

Linker script and memory map

LOAD c:/st/stm32cubeide_1.5.0/stm32cubeide/plugins/com.st.stm32cube.ide.mcu.externaltools.gnu-tools-for-stm32.7-2018-q2-update.win32_1.5.0.202011040924/tools/bin/../lib/gcc/arm-none-eabi/7.3.1/thumb/v7e-m/fpv4-sp/hard/crti.o
LOAD c:/st/stm32cubeide_1.5.0/stm32cubeide/plugins/com.st.stm32cube.ide.mcu.externaltools.gnu-tools-for-stm32.7-2018-q2-update.win32_1.5.0.202011040924/tools/bin/../lib/gcc/arm-none-eabi/7.3.1/thumb/v7e-m/fpv4-sp/hard/crtbegin.o
LOAD c:/st/stm32cubeide_1.5.0/stm32cubeide/plugins/com.st.stm32cube.ide.mcu.externaltools.gnu-tools-for-stm32.7-2018-q2-update.win32_1.5.0.202011040924/tools/bin/../lib/gcc/arm-none-eabi/7.3.1/../../../../arm-none-eabi/lib/thumb/v7e-m/fpv4-sp/hard/crt0.o
LOAD Core/Src/freertos.o
LOAD Core/Src/main.o
LOAD Core/Src/stm32f4xx_hal_msp.o
LOAD Core/Src/stm32f4xx_hal_timebase_tim.o
LOAD Core/Src/stm32f4xx_it.o
LOAD Core/Src/syscalls.o
LOAD Core/Src/sysmem.o
LOAD Core/Src/system_stm32f4xx.o
LOAD Core/Startup/startup_stm32f429zitx.o
LOAD Drivers/STM32F4xx_HAL_Driver/stm32f4xx_hal.o
LOAD Drivers/STM32F4xx_HAL_Driver/stm32f4xx_hal_cortex.o
LOAD Drivers/STM32F4xx_HAL_Driver/stm32f4xx_hal_crc.o
LOAD Drivers/STM32F4xx_HAL_Driver/stm32f4xx_hal_dma.o
LOAD Drivers/STM32F4xx_HAL_Driver/stm32f4xx_hal_dma2d.o
LOAD Drivers/STM32F4xx_HAL_Driver/stm32f4xx_hal_dma_ex.o
LOAD Drivers/STM32F4xx_HAL_Driver/stm32f4xx_hal_dsi.o
LOAD Drivers/STM32F4xx_HAL_Driver/stm32f4xx_hal_exti.o
LOAD Drivers/STM32F4xx_HAL_Driver/stm32f4xx_hal_flash.o
LOAD Drivers/STM32F4xx_HAL_Driver/stm32f4xx_hal_flash_ex.o
LOAD Drivers/STM32F4xx_HAL_Driver/stm32f4xx_hal_flash_ramfunc.o
LOAD Drivers/STM32F4xx_HAL_Driver/stm32f4xx_hal_gpio.o
LOAD Drivers/STM32F4xx_HAL_Driver/stm32f4xx_hal_hcd.o
LOAD Drivers/STM32F4xx_HAL_Driver/stm32f4xx_hal_i2c.o
LOAD Drivers/STM32F4xx_HAL_Driver/stm32f4xx_hal_i2c_ex.o
LOAD Drivers/STM32F4xx_HAL_Driver/stm32f4xx_hal_ltdc.o
LOAD Drivers/STM32F4xx_HAL_Driver/stm32f4xx_hal_ltdc_ex.o
LOAD Drivers/STM32F4xx_HAL_Driver/stm32f4xx_hal_pwr.o
LOAD Drivers/STM32F4xx_HAL_Driver/stm32f4xx_hal_pwr_ex.o
LOAD Drivers/STM32F4xx_HAL_Driver/stm32f4xx_hal_rcc.o
LOAD Drivers/STM32F4xx_HAL_Driver/stm32f4xx_hal_rcc_ex.o
LOAD Drivers/STM32F4xx_HAL_Driver/stm32f4xx_hal_sdram.o
LOAD Drivers/STM32F4xx_HAL_Driver/stm32f4xx_hal_spi.o
LOAD Drivers/STM32F4xx_HAL_Driver/stm32f4xx_hal_tim.o
LOAD Drivers/STM32F4xx_HAL_Driver/stm32f4xx_hal_tim_ex.o
LOAD Drivers/STM32F4xx_HAL_Driver/stm32f4xx_hal_uart.o
LOAD Drivers/STM32F4xx_HAL_Driver/stm32f4xx_ll_fmc.o
LOAD Drivers/STM32F4xx_HAL_Driver/stm32f4xx_ll_usb.o
LOAD Middlewares/FreeRTOS/cmsis_os2.o
LOAD Middlewares/FreeRTOS/croutine.o
LOAD Middlewares/FreeRTOS/event_groups.o
LOAD Middlewares/FreeRTOS/heap_4.o
LOAD Middlewares/FreeRTOS/list.o
LOAD Middlewares/FreeRTOS/port.o
LOAD Middlewares/FreeRTOS/queue.o
LOAD Middlewares/FreeRTOS/stream_buffer.o
LOAD Middlewares/FreeRTOS/tasks.o
LOAD Middlewares/FreeRTOS/timers.o
LOAD components/dataLogger/dataLogger.o
LOAD components/executionUnit/executionUnit.o
LOAD components/sensorsGatekeeper/private/sensorsGatekeeper_internal.o
LOAD components/sensorsGatekeeper/private/sensorsGatekeer_drivers.o
LOAD components/sensorsGatekeeper/sensorsGatekeeper_public.o
LOAD components/zonesGatekeeper/private/zonesGatekeeper_internal.o
LOAD components/zonesGatekeeper/zonesGatekeeper_public.o
START GROUP
LOAD c:/st/stm32cubeide_1.5.0/stm32cubeide/plugins/com.st.stm32cube.ide.mcu.externaltools.gnu-tools-for-stm32.7-2018-q2-update.win32_1.5.0.202011040924/tools/bin/../lib/gcc/arm-none-eabi/7.3.1/../../../../arm-none-eabi/lib/thumb/v7e-m/fpv4-sp/hard\libc_nano.a
LOAD c:/st/stm32cubeide_1.5.0/stm32cubeide/plugins/com.st.stm32cube.ide.mcu.externaltools.gnu-tools-for-stm32.7-2018-q2-update.win32_1.5.0.202011040924/tools/bin/../lib/gcc/arm-none-eabi/7.3.1/../../../../arm-none-eabi/lib/thumb/v7e-m/fpv4-sp/hard\libm.a
END GROUP
START GROUP
LOAD c:/st/stm32cubeide_1.5.0/stm32cubeide/plugins/com.st.stm32cube.ide.mcu.externaltools.gnu-tools-for-stm32.7-2018-q2-update.win32_1.5.0.202011040924/tools/bin/../lib/gcc/arm-none-eabi/7.3.1/thumb/v7e-m/fpv4-sp/hard\libgcc.a
LOAD c:/st/stm32cubeide_1.5.0/stm32cubeide/plugins/com.st.stm32cube.ide.mcu.externaltools.gnu-tools-for-stm32.7-2018-q2-update.win32_1.5.0.202011040924/tools/bin/../lib/gcc/arm-none-eabi/7.3.1/../../../../arm-none-eabi/lib/thumb/v7e-m/fpv4-sp/hard\libc_nano.a
END GROUP
START GROUP
LOAD c:/st/stm32cubeide_1.5.0/stm32cubeide/plugins/com.st.stm32cube.ide.mcu.externaltools.gnu-tools-for-stm32.7-2018-q2-update.win32_1.5.0.202011040924/tools/bin/../lib/gcc/arm-none-eabi/7.3.1/thumb/v7e-m/fpv4-sp/hard\libgcc.a
LOAD c:/st/stm32cubeide_1.5.0/stm32cubeide/plugins/com.st.stm32cube.ide.mcu.externaltools.gnu-tools-for-stm32.7-2018-q2-update.win32_1.5.0.202011040924/tools/bin/../lib/gcc/arm-none-eabi/7.3.1/../../../../arm-none-eabi/lib/thumb/v7e-m/fpv4-sp/hard\libc_nano.a
LOAD c:/st/stm32cubeide_1.5.0/stm32cubeide/plugins/com.st.stm32cube.ide.mcu.externaltools.gnu-tools-for-stm32.7-2018-q2-update.win32_1.5.0.202011040924/tools/bin/../lib/gcc/arm-none-eabi/7.3.1/../../../../arm-none-eabi/lib/thumb/v7e-m/fpv4-sp/hard\libnosys.a
END GROUP
START GROUP
LOAD c:/st/stm32cubeide_1.5.0/stm32cubeide/plugins/com.st.stm32cube.ide.mcu.externaltools.gnu-tools-for-stm32.7-2018-q2-update.win32_1.5.0.202011040924/tools/bin/../lib/gcc/arm-none-eabi/7.3.1/thumb/v7e-m/fpv4-sp/hard\libgcc.a
LOAD c:/st/stm32cubeide_1.5.0/stm32cubeide/plugins/com.st.stm32cube.ide.mcu.externaltools.gnu-tools-for-stm32.7-2018-q2-update.win32_1.5.0.202011040924/tools/bin/../lib/gcc/arm-none-eabi/7.3.1/../../../../arm-none-eabi/lib/thumb/v7e-m/fpv4-sp/hard\libc_nano.a
LOAD c:/st/stm32cubeide_1.5.0/stm32cubeide/plugins/com.st.stm32cube.ide.mcu.externaltools.gnu-tools-for-stm32.7-2018-q2-update.win32_1.5.0.202011040924/tools/bin/../lib/gcc/arm-none-eabi/7.3.1/../../../../arm-none-eabi/lib/thumb/v7e-m/fpv4-sp/hard\libnosys.a
END GROUP
LOAD c:/st/stm32cubeide_1.5.0/stm32cubeide/plugins/com.st.stm32cube.ide.mcu.externaltools.gnu-tools-for-stm32.7-2018-q2-update.win32_1.5.0.202011040924/tools/bin/../lib/gcc/arm-none-eabi/7.3.1/thumb/v7e-m/fpv4-sp/hard/crtend.o
LOAD c:/st/stm32cubeide_1.5.0/stm32cubeide/plugins/com.st.stm32cube.ide.mcu.externaltools.gnu-tools-for-stm32.7-2018-q2-update.win32_1.5.0.202011040924/tools/bin/../lib/gcc/arm-none-eabi/7.3.1/thumb/v7e-m/fpv4-sp/hard/crtn.o
                0x0000000020030000                _estack = (ORIGIN (RAM) + LENGTH (RAM))
                0x0000000000000200                _Min_Heap_Size = 0x200
                0x0000000000000400                _Min_Stack_Size = 0x400

.isr_vector     0x0000000008000000      0x1ac
                0x0000000008000000                . = ALIGN (0x4)
 *(.isr_vector)
 .isr_vector    0x0000000008000000      0x1ac Core/Startup/startup_stm32f429zitx.o
                0x0000000008000000                g_pfnVectors
                0x00000000080001ac                . = ALIGN (0x4)

.text           0x00000000080001b0     0x903c
                0x00000000080001b0                . = ALIGN (0x4)
 *(.text)
 .text          0x00000000080001b0       0x40 c:/st/stm32cubeide_1.5.0/stm32cubeide/plugins/com.st.stm32cube.ide.mcu.externaltools.gnu-tools-for-stm32.7-2018-q2-update.win32_1.5.0.202011040924/tools/bin/../lib/gcc/arm-none-eabi/7.3.1/thumb/v7e-m/fpv4-sp/hard/crtbegin.o
 .text          0x00000000080001f0       0x30 c:/st/stm32cubeide_1.5.0/stm32cubeide/plugins/com.st.stm32cube.ide.mcu.externaltools.gnu-tools-for-stm32.7-2018-q2-update.win32_1.5.0.202011040924/tools/bin/../lib/gcc/arm-none-eabi/7.3.1/thumb/v7e-m/fpv4-sp/hard\libgcc.a(_aeabi_uldivmod.o)
                0x00000000080001f0                __aeabi_uldivmod
 .text          0x0000000008000220      0x2cc c:/st/stm32cubeide_1.5.0/stm32cubeide/plugins/com.st.stm32cube.ide.mcu.externaltools.gnu-tools-for-stm32.7-2018-q2-update.win32_1.5.0.202011040924/tools/bin/../lib/gcc/arm-none-eabi/7.3.1/thumb/v7e-m/fpv4-sp/hard\libgcc.a(_udivmoddi4.o)
                0x0000000008000220                __udivmoddi4
 .text          0x00000000080004ec        0x4 c:/st/stm32cubeide_1.5.0/stm32cubeide/plugins/com.st.stm32cube.ide.mcu.externaltools.gnu-tools-for-stm32.7-2018-q2-update.win32_1.5.0.202011040924/tools/bin/../lib/gcc/arm-none-eabi/7.3.1/thumb/v7e-m/fpv4-sp/hard\libgcc.a(_dvmd_tls.o)
                0x00000000080004ec                __aeabi_idiv0
                0x00000000080004ec                __aeabi_ldiv0
 *(.text*)
 .text.vApplicationIdleHook
                0x00000000080004f0        0xe Core/Src/freertos.o
                0x00000000080004f0                vApplicationIdleHook
 .text.vApplicationStackOverflowHook
                0x00000000080004fe       0x16 Core/Src/freertos.o
                0x00000000080004fe                vApplicationStackOverflowHook
 .text.vApplicationMallocFailedHook
                0x0000000008000514        0xe Core/Src/freertos.o
                0x0000000008000514                vApplicationMallocFailedHook
 *fill*         0x0000000008000522        0x2 
 .text.main     0x0000000008000524       0x78 Core/Src/main.o
                0x0000000008000524                main
 .text.SystemClock_Config
                0x000000000800059c      0x108 Core/Src/main.o
                0x000000000800059c                SystemClock_Config
 .text.MX_CRC_Init
                0x00000000080006a4       0x28 Core/Src/main.o
 .text.MX_DMA2D_Init
                0x00000000080006cc       0x64 Core/Src/main.o
 .text.MX_I2C3_Init
                0x0000000008000730       0x80 Core/Src/main.o
 .text.MX_LTDC_Init
                0x00000000080007b0      0x100 Core/Src/main.o
 .text.MX_SPI5_Init
                0x00000000080008b0       0x6c Core/Src/main.o
 .text.MX_TIM1_Init
                0x000000000800091c       0xa0 Core/Src/main.o
 .text.MX_USART1_UART_Init
                0x00000000080009bc       0x54 Core/Src/main.o
 .text.MX_USB_OTG_HS_HCD_Init
                0x0000000008000a10       0x58 Core/Src/main.o
 .text.MX_FMC_Init
                0x0000000008000a68       0xa0 Core/Src/main.o
 .text.MX_GPIO_Init
                0x0000000008000b08      0x220 Core/Src/main.o
 .text.taskDebug
                0x0000000008000d28       0x20 Core/Src/main.o
                0x0000000008000d28                taskDebug
 .text.zonesGatekeeper
                0x0000000008000d48       0x20 Core/Src/main.o
                0x0000000008000d48                zonesGatekeeper
 .text.HAL_TIM_PeriodElapsedCallback
                0x0000000008000d68       0x24 Core/Src/main.o
                0x0000000008000d68                HAL_TIM_PeriodElapsedCallback
 .text.Error_Handler
                0x0000000008000d8c        0x8 Core/Src/main.o
                0x0000000008000d8c                Error_Handler
 .text.HAL_MspInit
                0x0000000008000d94       0x58 Core/Src/stm32f4xx_hal_msp.o
                0x0000000008000d94                HAL_MspInit
 .text.HAL_CRC_MspInit
                0x0000000008000dec       0x44 Core/Src/stm32f4xx_hal_msp.o
                0x0000000008000dec                HAL_CRC_MspInit
 .text.HAL_DMA2D_MspInit
                0x0000000008000e30       0x50 Core/Src/stm32f4xx_hal_msp.o
                0x0000000008000e30                HAL_DMA2D_MspInit
 .text.HAL_I2C_MspInit
                0x0000000008000e80       0xd4 Core/Src/stm32f4xx_hal_msp.o
                0x0000000008000e80                HAL_I2C_MspInit
 .text.HAL_LTDC_MspInit
                0x0000000008000f54      0x22c Core/Src/stm32f4xx_hal_msp.o
                0x0000000008000f54                HAL_LTDC_MspInit
 .text.HAL_SPI_MspInit
                0x0000000008001180       0x90 Core/Src/stm32f4xx_hal_msp.o
                0x0000000008001180                HAL_SPI_MspInit
 .text.HAL_TIM_Base_MspInit
                0x0000000008001210       0x44 Core/Src/stm32f4xx_hal_msp.o
                0x0000000008001210                HAL_TIM_Base_MspInit
 .text.HAL_UART_MspInit
                0x0000000008001254       0x90 Core/Src/stm32f4xx_hal_msp.o
                0x0000000008001254                HAL_UART_MspInit
 .text.HAL_HCD_MspInit
                0x00000000080012e4       0xbc Core/Src/stm32f4xx_hal_msp.o
                0x00000000080012e4                HAL_HCD_MspInit
 .text.HAL_FMC_MspInit
                0x00000000080013a0      0x124 Core/Src/stm32f4xx_hal_msp.o
 .text.HAL_SDRAM_MspInit
                0x00000000080014c4       0x14 Core/Src/stm32f4xx_hal_msp.o
                0x00000000080014c4                HAL_SDRAM_MspInit
 .text.HAL_InitTick
                0x00000000080014d8       0xb4 Core/Src/stm32f4xx_hal_timebase_tim.o
                0x00000000080014d8                HAL_InitTick
 .text.NMI_Handler
                0x000000000800158c        0x6 Core/Src/stm32f4xx_it.o
                0x000000000800158c                NMI_Handler
 .text.HardFault_Handler
                0x0000000008001592        0x6 Core/Src/stm32f4xx_it.o
                0x0000000008001592                HardFault_Handler
 .text.MemManage_Handler
                0x0000000008001598        0x6 Core/Src/stm32f4xx_it.o
                0x0000000008001598                MemManage_Handler
 .text.BusFault_Handler
                0x000000000800159e        0x6 Core/Src/stm32f4xx_it.o
                0x000000000800159e                BusFault_Handler
 .text.UsageFault_Handler
                0x00000000080015a4        0x6 Core/Src/stm32f4xx_it.o
                0x00000000080015a4                UsageFault_Handler
 .text.DebugMon_Handler
                0x00000000080015aa        0xe Core/Src/stm32f4xx_it.o
                0x00000000080015aa                DebugMon_Handler
 .text.TIM6_DAC_IRQHandler
                0x00000000080015b8       0x14 Core/Src/stm32f4xx_it.o
                0x00000000080015b8                TIM6_DAC_IRQHandler
 .text.OTG_HS_IRQHandler
                0x00000000080015cc       0x14 Core/Src/stm32f4xx_it.o
                0x00000000080015cc                OTG_HS_IRQHandler
 .text.LTDC_IRQHandler
                0x00000000080015e0       0x14 Core/Src/stm32f4xx_it.o
                0x00000000080015e0                LTDC_IRQHandler
 .text.DMA2D_IRQHandler
                0x00000000080015f4       0x14 Core/Src/stm32f4xx_it.o
                0x00000000080015f4                DMA2D_IRQHandler
 .text.SystemInit
                0x0000000008001608       0x2c Core/Src/system_stm32f4xx.o
                0x0000000008001608                SystemInit
 .text.Reset_Handler
                0x0000000008001634       0x50 Core/Startup/startup_stm32f429zitx.o
                0x0000000008001634                Reset_Handler
 .text.Default_Handler
                0x0000000008001684        0x2 Core/Startup/startup_stm32f429zitx.o
                0x0000000008001684                RTC_Alarm_IRQHandler
                0x0000000008001684                HASH_RNG_IRQHandler
                0x0000000008001684                EXTI2_IRQHandler
                0x0000000008001684                TIM8_CC_IRQHandler
                0x0000000008001684                UART8_IRQHandler
                0x0000000008001684                SPI4_IRQHandler
                0x0000000008001684                TIM1_CC_IRQHandler
                0x0000000008001684                DMA2_Stream5_IRQHandler
                0x0000000008001684                DMA1_Stream5_IRQHandler
                0x0000000008001684                PVD_IRQHandler
                0x0000000008001684                SDIO_IRQHandler
                0x0000000008001684                TAMP_STAMP_IRQHandler
                0x0000000008001684                CAN2_RX1_IRQHandler
                0x0000000008001684                EXTI3_IRQHandler
                0x0000000008001684                TIM8_TRG_COM_TIM14_IRQHandler
                0x0000000008001684                TIM1_UP_TIM10_IRQHandler
                0x0000000008001684                TIM8_UP_TIM13_IRQHandler
                0x0000000008001684                I2C3_ER_IRQHandler
                0x0000000008001684                EXTI0_IRQHandler
                0x0000000008001684                I2C2_EV_IRQHandler
                0x0000000008001684                DMA1_Stream2_IRQHandler
                0x0000000008001684                CAN1_RX0_IRQHandler
                0x0000000008001684                FPU_IRQHandler
                0x0000000008001684                OTG_HS_WKUP_IRQHandler
                0x0000000008001684                LTDC_ER_IRQHandler
                0x0000000008001684                CAN2_SCE_IRQHandler
                0x0000000008001684                DMA2_Stream2_IRQHandler
                0x0000000008001684                SPI1_IRQHandler
                0x0000000008001684                TIM1_BRK_TIM9_IRQHandler
                0x0000000008001684                DCMI_IRQHandler
                0x0000000008001684                CAN2_RX0_IRQHandler
                0x0000000008001684                DMA2_Stream3_IRQHandler
                0x0000000008001684                USART6_IRQHandler
                0x0000000008001684                USART3_IRQHandler
                0x0000000008001684                CAN1_RX1_IRQHandler
                0x0000000008001684                UART5_IRQHandler
                0x0000000008001684                DMA2_Stream0_IRQHandler
                0x0000000008001684                TIM4_IRQHandler
                0x0000000008001684                I2C1_EV_IRQHandler
                0x0000000008001684                DMA1_Stream6_IRQHandler
                0x0000000008001684                DMA1_Stream1_IRQHandler
                0x0000000008001684                UART4_IRQHandler
                0x0000000008001684                TIM3_IRQHandler
                0x0000000008001684                RCC_IRQHandler
                0x0000000008001684                TIM8_BRK_TIM12_IRQHandler
                0x0000000008001684                Default_Handler
                0x0000000008001684                EXTI15_10_IRQHandler
                0x0000000008001684                ADC_IRQHandler
                0x0000000008001684                DMA1_Stream7_IRQHandler
                0x0000000008001684                SPI5_IRQHandler
                0x0000000008001684                TIM7_IRQHandler
                0x0000000008001684                CAN2_TX_IRQHandler
                0x0000000008001684                TIM5_IRQHandler
                0x0000000008001684                DMA2_Stream7_IRQHandler
                0x0000000008001684                I2C3_EV_IRQHandler
                0x0000000008001684                EXTI9_5_IRQHandler
                0x0000000008001684                RTC_WKUP_IRQHandler
                0x0000000008001684                ETH_WKUP_IRQHandler
                0x0000000008001684                SPI2_IRQHandler
                0x0000000008001684                OTG_HS_EP1_IN_IRQHandler
                0x0000000008001684                DMA1_Stream0_IRQHandler
                0x0000000008001684                CAN1_TX_IRQHandler
                0x0000000008001684                EXTI4_IRQHandler
                0x0000000008001684                ETH_IRQHandler
                0x0000000008001684                OTG_HS_EP1_OUT_IRQHandler
                0x0000000008001684                WWDG_IRQHandler
                0x0000000008001684                SPI6_IRQHandler
                0x0000000008001684                TIM2_IRQHandler
                0x0000000008001684                OTG_FS_WKUP_IRQHandler
                0x0000000008001684                TIM1_TRG_COM_TIM11_IRQHandler
                0x0000000008001684                EXTI1_IRQHandler
                0x0000000008001684                UART7_IRQHandler
                0x0000000008001684                USART2_IRQHandler
                0x0000000008001684                I2C2_ER_IRQHandler
                0x0000000008001684                DMA2_Stream1_IRQHandler
                0x0000000008001684                CAN1_SCE_IRQHandler
                0x0000000008001684                FLASH_IRQHandler
                0x0000000008001684                DMA2_Stream4_IRQHandler
                0x0000000008001684                USART1_IRQHandler
                0x0000000008001684                OTG_FS_IRQHandler
                0x0000000008001684                SPI3_IRQHandler
                0x0000000008001684                DMA1_Stream4_IRQHandler
                0x0000000008001684                I2C1_ER_IRQHandler
                0x0000000008001684                FMC_IRQHandler
                0x0000000008001684                DMA2_Stream6_IRQHandler
                0x0000000008001684                SAI1_IRQHandler
                0x0000000008001684                DMA1_Stream3_IRQHandler
 *fill*         0x0000000008001686        0x2 
 .text.HAL_Init
                0x0000000008001688       0x44 Drivers/STM32F4xx_HAL_Driver/stm32f4xx_hal.o
                0x0000000008001688                HAL_Init
 .text.HAL_IncTick
                0x00000000080016cc       0x28 Drivers/STM32F4xx_HAL_Driver/stm32f4xx_hal.o
                0x00000000080016cc                HAL_IncTick
 .text.HAL_GetTick
                0x00000000080016f4       0x18 Drivers/STM32F4xx_HAL_Driver/stm32f4xx_hal.o
                0x00000000080016f4                HAL_GetTick
 .text.HAL_Delay
                0x000000000800170c       0x44 Drivers/STM32F4xx_HAL_Driver/stm32f4xx_hal.o
                0x000000000800170c                HAL_Delay
 .text.__NVIC_SetPriorityGrouping
                0x0000000008001750       0x48 Drivers/STM32F4xx_HAL_Driver/stm32f4xx_hal_cortex.o
 .text.__NVIC_GetPriorityGrouping
                0x0000000008001798       0x1c Drivers/STM32F4xx_HAL_Driver/stm32f4xx_hal_cortex.o
 .text.__NVIC_EnableIRQ
                0x00000000080017b4       0x3c Drivers/STM32F4xx_HAL_Driver/stm32f4xx_hal_cortex.o
 .text.__NVIC_SetPriority
                0x00000000080017f0       0x54 Drivers/STM32F4xx_HAL_Driver/stm32f4xx_hal_cortex.o
 .text.NVIC_EncodePriority
                0x0000000008001844       0x66 Drivers/STM32F4xx_HAL_Driver/stm32f4xx_hal_cortex.o
 .text.HAL_NVIC_SetPriorityGrouping
                0x00000000080018aa       0x16 Drivers/STM32F4xx_HAL_Driver/stm32f4xx_hal_cortex.o
                0x00000000080018aa                HAL_NVIC_SetPriorityGrouping
 .text.HAL_NVIC_SetPriority
                0x00000000080018c0       0x38 Drivers/STM32F4xx_HAL_Driver/stm32f4xx_hal_cortex.o
                0x00000000080018c0                HAL_NVIC_SetPriority
 .text.HAL_NVIC_EnableIRQ
                0x00000000080018f8       0x1c Drivers/STM32F4xx_HAL_Driver/stm32f4xx_hal_cortex.o
                0x00000000080018f8                HAL_NVIC_EnableIRQ
 .text.HAL_CRC_Init
                0x0000000008001914       0x38 Drivers/STM32F4xx_HAL_Driver/stm32f4xx_hal_crc.o
                0x0000000008001914                HAL_CRC_Init
 .text.HAL_DMA2D_Init
                0x000000000800194c       0x92 Drivers/STM32F4xx_HAL_Driver/stm32f4xx_hal_dma2d.o
                0x000000000800194c                HAL_DMA2D_Init
 .text.HAL_DMA2D_IRQHandler
                0x00000000080019de      0x1f8 Drivers/STM32F4xx_HAL_Driver/stm32f4xx_hal_dma2d.o
                0x00000000080019de                HAL_DMA2D_IRQHandler
 .text.HAL_DMA2D_LineEventCallback
                0x0000000008001bd6       0x14 Drivers/STM32F4xx_HAL_Driver/stm32f4xx_hal_dma2d.o
                0x0000000008001bd6                HAL_DMA2D_LineEventCallback
 .text.HAL_DMA2D_CLUTLoadingCpltCallback
                0x0000000008001bea       0x14 Drivers/STM32F4xx_HAL_Driver/stm32f4xx_hal_dma2d.o
                0x0000000008001bea                HAL_DMA2D_CLUTLoadingCpltCallback
 *fill*         0x0000000008001bfe        0x2 
 .text.HAL_DMA2D_ConfigLayer
                0x0000000008001c00      0x124 Drivers/STM32F4xx_HAL_Driver/stm32f4xx_hal_dma2d.o
                0x0000000008001c00                HAL_DMA2D_ConfigLayer
 .text.HAL_GPIO_Init
                0x0000000008001d24      0x354 Drivers/STM32F4xx_HAL_Driver/stm32f4xx_hal_gpio.o
                0x0000000008001d24                HAL_GPIO_Init
 .text.HAL_GPIO_WritePin
                0x0000000008002078       0x32 Drivers/STM32F4xx_HAL_Driver/stm32f4xx_hal_gpio.o
                0x0000000008002078                HAL_GPIO_WritePin
 .text.HAL_GPIO_TogglePin
                0x00000000080020aa       0x36 Drivers/STM32F4xx_HAL_Driver/stm32f4xx_hal_gpio.o
                0x00000000080020aa                HAL_GPIO_TogglePin
 .text.HAL_HCD_Init
                0x00000000080020e0       0xc4 Drivers/STM32F4xx_HAL_Driver/stm32f4xx_hal_hcd.o
                0x00000000080020e0                HAL_HCD_Init
 .text.HAL_HCD_IRQHandler
                0x00000000080021a4      0x208 Drivers/STM32F4xx_HAL_Driver/stm32f4xx_hal_hcd.o
                0x00000000080021a4                HAL_HCD_IRQHandler
 .text.HAL_HCD_SOF_Callback
                0x00000000080023ac       0x14 Drivers/STM32F4xx_HAL_Driver/stm32f4xx_hal_hcd.o
                0x00000000080023ac                HAL_HCD_SOF_Callback
 .text.HAL_HCD_Connect_Callback
                0x00000000080023c0       0x14 Drivers/STM32F4xx_HAL_Driver/stm32f4xx_hal_hcd.o
                0x00000000080023c0                HAL_HCD_Connect_Callback
 .text.HAL_HCD_Disconnect_Callback
                0x00000000080023d4       0x14 Drivers/STM32F4xx_HAL_Driver/stm32f4xx_hal_hcd.o
                0x00000000080023d4                HAL_HCD_Disconnect_Callback
 .text.HAL_HCD_PortEnabled_Callback
                0x00000000080023e8       0x14 Drivers/STM32F4xx_HAL_Driver/stm32f4xx_hal_hcd.o
                0x00000000080023e8                HAL_HCD_PortEnabled_Callback
 .text.HAL_HCD_PortDisabled_Callback
                0x00000000080023fc       0x14 Drivers/STM32F4xx_HAL_Driver/stm32f4xx_hal_hcd.o
                0x00000000080023fc                HAL_HCD_PortDisabled_Callback
 .text.HAL_HCD_HC_NotifyURBChange_Callback
                0x0000000008002410       0x1c Drivers/STM32F4xx_HAL_Driver/stm32f4xx_hal_hcd.o
                0x0000000008002410                HAL_HCD_HC_NotifyURBChange_Callback
 .text.HCD_HC_IN_IRQHandler
                0x000000000800242c      0x86a Drivers/STM32F4xx_HAL_Driver/stm32f4xx_hal_hcd.o
 .text.HCD_HC_OUT_IRQHandler
                0x0000000008002c96      0x6ea Drivers/STM32F4xx_HAL_Driver/stm32f4xx_hal_hcd.o
 .text.HCD_RXQLVL_IRQHandler
                0x0000000008003380      0x158 Drivers/STM32F4xx_HAL_Driver/stm32f4xx_hal_hcd.o
 .text.HCD_Port_IRQHandler
                0x00000000080034d8       0xe6 Drivers/STM32F4xx_HAL_Driver/stm32f4xx_hal_hcd.o
 *fill*         0x00000000080035be        0x2 
 .text.HAL_I2C_Init
                0x00000000080035c0      0x270 Drivers/STM32F4xx_HAL_Driver/stm32f4xx_hal_i2c.o
                0x00000000080035c0                HAL_I2C_Init
 .text.HAL_I2CEx_ConfigAnalogFilter
                0x0000000008003830       0x78 Drivers/STM32F4xx_HAL_Driver/stm32f4xx_hal_i2c_ex.o
                0x0000000008003830                HAL_I2CEx_ConfigAnalogFilter
 .text.HAL_I2CEx_ConfigDigitalFilter
                0x00000000080038a8       0x7e Drivers/STM32F4xx_HAL_Driver/stm32f4xx_hal_i2c_ex.o
                0x00000000080038a8                HAL_I2CEx_ConfigDigitalFilter
 *fill*         0x0000000008003926        0x2 
 .text.HAL_LTDC_Init
                0x0000000008003928      0x1a0 Drivers/STM32F4xx_HAL_Driver/stm32f4xx_hal_ltdc.o
                0x0000000008003928                HAL_LTDC_Init
 .text.HAL_LTDC_IRQHandler
                0x0000000008003ac8      0x148 Drivers/STM32F4xx_HAL_Driver/stm32f4xx_hal_ltdc.o
                0x0000000008003ac8                HAL_LTDC_IRQHandler
 .text.HAL_LTDC_ErrorCallback
                0x0000000008003c10       0x14 Drivers/STM32F4xx_HAL_Driver/stm32f4xx_hal_ltdc.o
                0x0000000008003c10                HAL_LTDC_ErrorCallback
 .text.HAL_LTDC_LineEventCallback
                0x0000000008003c24       0x14 Drivers/STM32F4xx_HAL_Driver/stm32f4xx_hal_ltdc.o
                0x0000000008003c24                HAL_LTDC_LineEventCallback
 .text.HAL_LTDC_ReloadEventCallback
                0x0000000008003c38       0x14 Drivers/STM32F4xx_HAL_Driver/stm32f4xx_hal_ltdc.o
                0x0000000008003c38                HAL_LTDC_ReloadEventCallback
 .text.HAL_LTDC_ConfigLayer
                0x0000000008003c4c       0x7c Drivers/STM32F4xx_HAL_Driver/stm32f4xx_hal_ltdc.o
                0x0000000008003c4c                HAL_LTDC_ConfigLayer
 .text.LTDC_SetConfig
                0x0000000008003cc8      0x32e Drivers/STM32F4xx_HAL_Driver/stm32f4xx_hal_ltdc.o
 *fill*         0x0000000008003ff6        0x2 
 .text.HAL_RCC_OscConfig
                0x0000000008003ff8      0x4e0 Drivers/STM32F4xx_HAL_Driver/stm32f4xx_hal_rcc.o
                0x0000000008003ff8                HAL_RCC_OscConfig
 .text.HAL_RCC_ClockConfig
                0x00000000080044d8      0x1cc Drivers/STM32F4xx_HAL_Driver/stm32f4xx_hal_rcc.o
                0x00000000080044d8                HAL_RCC_ClockConfig
 .text.HAL_RCC_GetSysClockFreq
                0x00000000080046a4      0x1b0 Drivers/STM32F4xx_HAL_Driver/stm32f4xx_hal_rcc.o
                0x00000000080046a4                HAL_RCC_GetSysClockFreq
 .text.HAL_RCC_GetHCLKFreq
                0x0000000008004854       0x18 Drivers/STM32F4xx_HAL_Driver/stm32f4xx_hal_rcc.o
                0x0000000008004854                HAL_RCC_GetHCLKFreq
 .text.HAL_RCC_GetPCLK1Freq
                0x000000000800486c       0x28 Drivers/STM32F4xx_HAL_Driver/stm32f4xx_hal_rcc.o
                0x000000000800486c                HAL_RCC_GetPCLK1Freq
 .text.HAL_RCC_GetPCLK2Freq
                0x0000000008004894       0x28 Drivers/STM32F4xx_HAL_Driver/stm32f4xx_hal_rcc.o
                0x0000000008004894                HAL_RCC_GetPCLK2Freq
 .text.HAL_RCC_GetClockConfig
                0x00000000080048bc       0x64 Drivers/STM32F4xx_HAL_Driver/stm32f4xx_hal_rcc.o
                0x00000000080048bc                HAL_RCC_GetClockConfig
 .text.HAL_RCCEx_PeriphCLKConfig
                0x0000000008004920      0x37c Drivers/STM32F4xx_HAL_Driver/stm32f4xx_hal_rcc_ex.o
                0x0000000008004920                HAL_RCCEx_PeriphCLKConfig
 .text.HAL_SDRAM_Init
                0x0000000008004c9c       0x68 Drivers/STM32F4xx_HAL_Driver/stm32f4xx_hal_sdram.o
                0x0000000008004c9c                HAL_SDRAM_Init
 .text.HAL_SPI_Init
                0x0000000008004d04       0xc8 Drivers/STM32F4xx_HAL_Driver/stm32f4xx_hal_spi.o
                0x0000000008004d04                HAL_SPI_Init
 .text.HAL_TIM_Base_Init
                0x0000000008004dcc       0x56 Drivers/STM32F4xx_HAL_Driver/stm32f4xx_hal_tim.o
                0x0000000008004dcc                HAL_TIM_Base_Init
 .text.HAL_TIM_Base_Start_IT
                0x0000000008004e22       0x48 Drivers/STM32F4xx_HAL_Driver/stm32f4xx_hal_tim.o
                0x0000000008004e22                HAL_TIM_Base_Start_IT
 .text.HAL_TIM_IRQHandler
                0x0000000008004e6a      0x210 Drivers/STM32F4xx_HAL_Driver/stm32f4xx_hal_tim.o
                0x0000000008004e6a                HAL_TIM_IRQHandler
 .text.HAL_TIM_ConfigClockSource
                0x000000000800507a      0x16e Drivers/STM32F4xx_HAL_Driver/stm32f4xx_hal_tim.o
                0x000000000800507a                HAL_TIM_ConfigClockSource
 .text.HAL_TIM_OC_DelayElapsedCallback
                0x00000000080051e8       0x14 Drivers/STM32F4xx_HAL_Driver/stm32f4xx_hal_tim.o
                0x00000000080051e8                HAL_TIM_OC_DelayElapsedCallback
 .text.HAL_TIM_IC_CaptureCallback
                0x00000000080051fc       0x14 Drivers/STM32F4xx_HAL_Driver/stm32f4xx_hal_tim.o
                0x00000000080051fc                HAL_TIM_IC_CaptureCallback
 .text.HAL_TIM_PWM_PulseFinishedCallback
                0x0000000008005210       0x14 Drivers/STM32F4xx_HAL_Driver/stm32f4xx_hal_tim.o
                0x0000000008005210                HAL_TIM_PWM_PulseFinishedCallback
 .text.HAL_TIM_TriggerCallback
                0x0000000008005224       0x14 Drivers/STM32F4xx_HAL_Driver/stm32f4xx_hal_tim.o
                0x0000000008005224                HAL_TIM_TriggerCallback
 .text.TIM_Base_SetConfig
                0x0000000008005238      0x140 Drivers/STM32F4xx_HAL_Driver/stm32f4xx_hal_tim.o
                0x0000000008005238                TIM_Base_SetConfig
 .text.TIM_TI1_ConfigInputStage
                0x0000000008005378       0x5e Drivers/STM32F4xx_HAL_Driver/stm32f4xx_hal_tim.o
 .text.TIM_TI2_ConfigInputStage
                0x00000000080053d6       0x60 Drivers/STM32F4xx_HAL_Driver/stm32f4xx_hal_tim.o
 .text.TIM_ITRx_SetConfig
                0x0000000008005436       0x36 Drivers/STM32F4xx_HAL_Driver/stm32f4xx_hal_tim.o
 .text.TIM_ETR_SetConfig
                0x000000000800546c       0x40 Drivers/STM32F4xx_HAL_Driver/stm32f4xx_hal_tim.o
                0x000000000800546c                TIM_ETR_SetConfig
 .text.HAL_TIMEx_MasterConfigSynchronization
                0x00000000080054ac       0xf8 Drivers/STM32F4xx_HAL_Driver/stm32f4xx_hal_tim_ex.o
                0x00000000080054ac                HAL_TIMEx_MasterConfigSynchronization
 .text.HAL_TIMEx_CommutCallback
                0x00000000080055a4       0x14 Drivers/STM32F4xx_HAL_Driver/stm32f4xx_hal_tim_ex.o
                0x00000000080055a4                HAL_TIMEx_CommutCallback
 .text.HAL_TIMEx_BreakCallback
                0x00000000080055b8       0x14 Drivers/STM32F4xx_HAL_Driver/stm32f4xx_hal_tim_ex.o
                0x00000000080055b8                HAL_TIMEx_BreakCallback
 .text.HAL_UART_Init
                0x00000000080055cc       0x9a Drivers/STM32F4xx_HAL_Driver/stm32f4xx_hal_uart.o
                0x00000000080055cc                HAL_UART_Init
 *fill*         0x0000000008005666        0x2 
 .text.UART_SetConfig
                0x0000000008005668      0x6f8 Drivers/STM32F4xx_HAL_Driver/stm32f4xx_hal_uart.o
 .text.FMC_SDRAM_Init
                0x0000000008005d60       0xe6 Drivers/STM32F4xx_HAL_Driver/stm32f4xx_ll_fmc.o
                0x0000000008005d60                FMC_SDRAM_Init
 .text.FMC_SDRAM_Timing_Init
                0x0000000008005e46       0xfe Drivers/STM32F4xx_HAL_Driver/stm32f4xx_ll_fmc.o
                0x0000000008005e46                FMC_SDRAM_Timing_Init
 .text.USB_CoreInit
                0x0000000008005f44       0xc2 Drivers/STM32F4xx_HAL_Driver/stm32f4xx_ll_usb.o
                0x0000000008005f44                USB_CoreInit
 .text.USB_DisableGlobalInt
                0x0000000008006006       0x22 Drivers/STM32F4xx_HAL_Driver/stm32f4xx_ll_usb.o
                0x0000000008006006                USB_DisableGlobalInt
 .text.USB_SetCurrentMode
                0x0000000008006028       0x54 Drivers/STM32F4xx_HAL_Driver/stm32f4xx_ll_usb.o
                0x0000000008006028                USB_SetCurrentMode
 .text.USB_FlushTxFifo
                0x000000000800607c       0x4c Drivers/STM32F4xx_HAL_Driver/stm32f4xx_ll_usb.o
                0x000000000800607c                USB_FlushTxFifo
 .text.USB_FlushRxFifo
                0x00000000080060c8       0x44 Drivers/STM32F4xx_HAL_Driver/stm32f4xx_ll_usb.o
                0x00000000080060c8                USB_FlushRxFifo
 .text.USB_ReadPacket
                0x000000000800610c       0x52 Drivers/STM32F4xx_HAL_Driver/stm32f4xx_ll_usb.o
                0x000000000800610c                USB_ReadPacket
 .text.USB_ReadInterrupts
                0x000000000800615e       0x26 Drivers/STM32F4xx_HAL_Driver/stm32f4xx_ll_usb.o
                0x000000000800615e                USB_ReadInterrupts
 .text.USB_GetMode
                0x0000000008006184       0x1c Drivers/STM32F4xx_HAL_Driver/stm32f4xx_ll_usb.o
                0x0000000008006184                USB_GetMode
 .text.USB_CoreReset
                0x00000000080061a0       0x68 Drivers/STM32F4xx_HAL_Driver/stm32f4xx_ll_usb.o
 .text.USB_HostInit
                0x0000000008006208      0x178 Drivers/STM32F4xx_HAL_Driver/stm32f4xx_ll_usb.o
                0x0000000008006208                USB_HostInit
 .text.USB_InitFSLSPClkSel
                0x0000000008006380       0x74 Drivers/STM32F4xx_HAL_Driver/stm32f4xx_ll_usb.o
                0x0000000008006380                USB_InitFSLSPClkSel
 .text.USB_DriveVbus
                0x00000000080063f4       0x72 Drivers/STM32F4xx_HAL_Driver/stm32f4xx_ll_usb.o
                0x00000000080063f4                USB_DriveVbus
 .text.USB_HC_ReadInterrupt
                0x0000000008006466       0x22 Drivers/STM32F4xx_HAL_Driver/stm32f4xx_ll_usb.o
                0x0000000008006466                USB_HC_ReadInterrupt
 .text.USB_HC_Halt
                0x0000000008006488      0x1fe Drivers/STM32F4xx_HAL_Driver/stm32f4xx_ll_usb.o
                0x0000000008006488                USB_HC_Halt
 .text.SVC_Setup
                0x0000000008006686        0xe Middlewares/FreeRTOS/cmsis_os2.o
 .text.osKernelInitialize
                0x0000000008006694       0x68 Middlewares/FreeRTOS/cmsis_os2.o
                0x0000000008006694                osKernelInitialize
 .text.osKernelStart
                0x00000000080066fc       0x6c Middlewares/FreeRTOS/cmsis_os2.o
                0x00000000080066fc                osKernelStart
 .text.osThreadNew
                0x0000000008006768      0x14c Middlewares/FreeRTOS/cmsis_os2.o
                0x0000000008006768                osThreadNew
 .text.osDelay  0x00000000080068b4       0x5c Middlewares/FreeRTOS/cmsis_os2.o
                0x00000000080068b4                osDelay
 .text.vApplicationGetIdleTaskMemory
                0x0000000008006910       0x34 Middlewares/FreeRTOS/cmsis_os2.o
                0x0000000008006910                vApplicationGetIdleTaskMemory
 .text.vApplicationGetTimerTaskMemory
                0x0000000008006944       0x34 Middlewares/FreeRTOS/cmsis_os2.o
                0x0000000008006944                vApplicationGetTimerTaskMemory
 .text.pvPortMalloc
                0x0000000008006978      0x18c Middlewares/FreeRTOS/heap_4.o
                0x0000000008006978                pvPortMalloc
 .text.vPortFree
                0x0000000008006b04       0xb0 Middlewares/FreeRTOS/heap_4.o
                0x0000000008006b04                vPortFree
 .text.prvHeapInit
                0x0000000008006bb4       0xc4 Middlewares/FreeRTOS/heap_4.o
 .text.prvInsertBlockIntoFreeList
                0x0000000008006c78       0xb4 Middlewares/FreeRTOS/heap_4.o
 .text.vListInitialise
                0x0000000008006d2c       0x40 Middlewares/FreeRTOS/list.o
                0x0000000008006d2c                vListInitialise
 .text.vListInitialiseItem
                0x0000000008006d6c       0x1a Middlewares/FreeRTOS/list.o
                0x0000000008006d6c                vListInitialiseItem
 .text.vListInsertEnd
                0x0000000008006d86       0x48 Middlewares/FreeRTOS/list.o
                0x0000000008006d86                vListInsertEnd
 .text.vListInsert
                0x0000000008006dce       0x72 Middlewares/FreeRTOS/list.o
                0x0000000008006dce                vListInsert
 .text.uxListRemove
                0x0000000008006e40       0x54 Middlewares/FreeRTOS/list.o
                0x0000000008006e40                uxListRemove
 .text.pxPortInitialiseStack
                0x0000000008006e94       0x68 Middlewares/FreeRTOS/port.o
                0x0000000008006e94                pxPortInitialiseStack
 .text.prvTaskExitError
                0x0000000008006efc       0x54 Middlewares/FreeRTOS/port.o
 .text.SVC_Handler
                0x0000000008006f50       0x28 Middlewares/FreeRTOS/port.o
                0x0000000008006f50                SVC_Handler
 .text.prvPortStartFirstTask
                0x0000000008006f78       0x28 Middlewares/FreeRTOS/port.o
 .text.xPortStartScheduler
                0x0000000008006fa0      0x13c Middlewares/FreeRTOS/port.o
                0x0000000008006fa0                xPortStartScheduler
 .text.vPortEnterCritical
                0x00000000080070dc       0x5c Middlewares/FreeRTOS/port.o
                0x00000000080070dc                vPortEnterCritical
 .text.vPortExitCritical
                0x0000000008007138       0x50 Middlewares/FreeRTOS/port.o
                0x0000000008007138                vPortExitCritical
 *fill*         0x0000000008007188        0x8 
 .text.PendSV_Handler
                0x0000000008007190       0x68 Middlewares/FreeRTOS/port.o
                0x0000000008007190                PendSV_Handler
 .text.SysTick_Handler
                0x00000000080071f8       0x40 Middlewares/FreeRTOS/port.o
                0x00000000080071f8                SysTick_Handler
 .text.vPortSetupTimerInterrupt
                0x0000000008007238       0x48 Middlewares/FreeRTOS/port.o
                0x0000000008007238                vPortSetupTimerInterrupt
 .text.vPortEnableVFP
                0x0000000008007280       0x14 Middlewares/FreeRTOS/port.o
 .text.vPortValidateInterruptPriority
                0x0000000008007294       0x7c Middlewares/FreeRTOS/port.o
                0x0000000008007294                vPortValidateInterruptPriority
 .text.xQueueGenericReset
                0x0000000008007310       0xd0 Middlewares/FreeRTOS/queue.o
                0x0000000008007310                xQueueGenericReset
 .text.xQueueGenericCreateStatic
                0x00000000080073e0       0xe6 Middlewares/FreeRTOS/queue.o
                0x00000000080073e0                xQueueGenericCreateStatic
 .text.prvInitialiseNewQueue
                0x00000000080074c6       0x46 Middlewares/FreeRTOS/queue.o
 .text.xQueueGenericSend
                0x000000000800750c      0x1f4 Middlewares/FreeRTOS/queue.o
                0x000000000800750c                xQueueGenericSend
 .text.xQueueGenericSendFromISR
                0x0000000008007700      0x128 Middlewares/FreeRTOS/queue.o
                0x0000000008007700                xQueueGenericSendFromISR
 .text.xQueueReceive
                0x0000000008007828      0x1b8 Middlewares/FreeRTOS/queue.o
                0x0000000008007828                xQueueReceive
 .text.prvCopyDataToQueue
                0x00000000080079e0       0xd4 Middlewares/FreeRTOS/queue.o
 .text.prvCopyDataFromQueue
                0x0000000008007ab4       0x4c Middlewares/FreeRTOS/queue.o
 .text.prvUnlockQueue
                0x0000000008007b00       0xa4 Middlewares/FreeRTOS/queue.o
 .text.prvIsQueueEmpty
                0x0000000008007ba4       0x2c Middlewares/FreeRTOS/queue.o
 .text.prvIsQueueFull
                0x0000000008007bd0       0x30 Middlewares/FreeRTOS/queue.o
 .text.vQueueAddToRegistry
                0x0000000008007c00       0x50 Middlewares/FreeRTOS/queue.o
                0x0000000008007c00                vQueueAddToRegistry
 .text.vQueueWaitForMessageRestricted
                0x0000000008007c50       0x68 Middlewares/FreeRTOS/queue.o
                0x0000000008007c50                vQueueWaitForMessageRestricted
 .text.xTaskCreateStatic
                0x0000000008007cb8       0xb4 Middlewares/FreeRTOS/tasks.o
                0x0000000008007cb8                xTaskCreateStatic
 .text.xTaskCreate
                0x0000000008007d6c       0x8a Middlewares/FreeRTOS/tasks.o
                0x0000000008007d6c                xTaskCreate
 .text.prvInitialiseNewTask
                0x0000000008007df6      0x122 Middlewares/FreeRTOS/tasks.o
 .text.prvAddNewTaskToReadyList
                0x0000000008007f18       0xe0 Middlewares/FreeRTOS/tasks.o
 .text.vTaskDelay
                0x0000000008007ff8       0x68 Middlewares/FreeRTOS/tasks.o
                0x0000000008007ff8                vTaskDelay
 .text.vTaskStartScheduler
                0x0000000008008060       0xc8 Middlewares/FreeRTOS/tasks.o
                0x0000000008008060                vTaskStartScheduler
 .text.vTaskSuspendAll
                0x0000000008008128       0x1c Middlewares/FreeRTOS/tasks.o
                0x0000000008008128                vTaskSuspendAll
 .text.xTaskResumeAll
                0x0000000008008144      0x138 Middlewares/FreeRTOS/tasks.o
                0x0000000008008144                xTaskResumeAll
 .text.xTaskGetTickCount
                0x000000000800827c       0x20 Middlewares/FreeRTOS/tasks.o
                0x000000000800827c                xTaskGetTickCount
 .text.xTaskIncrementTick
                0x000000000800829c      0x170 Middlewares/FreeRTOS/tasks.o
                0x000000000800829c                xTaskIncrementTick
 .text.vTaskSwitchContext
                0x000000000800840c      0x104 Middlewares/FreeRTOS/tasks.o
                0x000000000800840c                vTaskSwitchContext
 .text.vTaskPlaceOnEventList
                0x0000000008008510       0x48 Middlewares/FreeRTOS/tasks.o
                0x0000000008008510                vTaskPlaceOnEventList
 .text.vTaskPlaceOnEventListRestricted
                0x0000000008008558       0x54 Middlewares/FreeRTOS/tasks.o
                0x0000000008008558                vTaskPlaceOnEventListRestricted
 .text.xTaskRemoveFromEventList
                0x00000000080085ac       0xc4 Middlewares/FreeRTOS/tasks.o
                0x00000000080085ac                xTaskRemoveFromEventList
 .text.vTaskInternalSetTimeOutState
                0x0000000008008670       0x2c Middlewares/FreeRTOS/tasks.o
                0x0000000008008670                vTaskInternalSetTimeOutState
 .text.xTaskCheckForTimeOut
                0x000000000800869c       0xc0 Middlewares/FreeRTOS/tasks.o
                0x000000000800869c                xTaskCheckForTimeOut
 .text.vTaskMissedYield
                0x000000000800875c       0x18 Middlewares/FreeRTOS/tasks.o
                0x000000000800875c                vTaskMissedYield
 .text.prvIdleTask
                0x0000000008008774       0x34 Middlewares/FreeRTOS/tasks.o
 .text.prvInitialiseTaskLists
                0x00000000080087a8       0x80 Middlewares/FreeRTOS/tasks.o
 .text.prvCheckTasksWaitingTermination
                0x0000000008008828       0x58 Middlewares/FreeRTOS/tasks.o
 .text.prvDeleteTCB
                0x0000000008008880       0x5c Middlewares/FreeRTOS/tasks.o
 .text.prvResetNextTaskUnblockTime
                0x00000000080088dc       0x40 Middlewares/FreeRTOS/tasks.o
 .text.xTaskGetSchedulerState
                0x000000000800891c       0x3c Middlewares/FreeRTOS/tasks.o
                0x000000000800891c                xTaskGetSchedulerState
 .text.xTaskPriorityDisinherit
                0x0000000008008958       0xd8 Middlewares/FreeRTOS/tasks.o
                0x0000000008008958                xTaskPriorityDisinherit
 .text.prvAddCurrentTaskToDelayedList
                0x0000000008008a30       0xa8 Middlewares/FreeRTOS/tasks.o
 .text.xTimerCreateTimerTask
                0x0000000008008ad8       0x90 Middlewares/FreeRTOS/timers.o
                0x0000000008008ad8                xTimerCreateTimerTask
 .text.xTimerGenericCommand
                0x0000000008008b68       0x98 Middlewares/FreeRTOS/timers.o
                0x0000000008008b68                xTimerGenericCommand
 .text.prvProcessExpiredTimer
                0x0000000008008c00       0x98 Middlewares/FreeRTOS/timers.o
 .text.prvTimerTask
                0x0000000008008c98       0x24 Middlewares/FreeRTOS/timers.o
 .text.prvProcessTimerOrBlockTask
                0x0000000008008cbc       0x9c Middlewares/FreeRTOS/timers.o
 .text.prvGetNextExpireTime
                0x0000000008008d58       0x48 Middlewares/FreeRTOS/timers.o
 .text.prvSampleTimeNow
                0x0000000008008da0       0x40 Middlewares/FreeRTOS/timers.o
 .text.prvInsertTimerInActiveList
                0x0000000008008de0       0x84 Middlewares/FreeRTOS/timers.o
 .text.prvProcessReceivedCommands
                0x0000000008008e64      0x1b8 Middlewares/FreeRTOS/timers.o
 .text.prvSwitchTimerLists
                0x000000000800901c       0xc8 Middlewares/FreeRTOS/timers.o
 .text.prvCheckForValidListAndQueue
                0x00000000080090e4       0x80 Middlewares/FreeRTOS/timers.o
 .text.__libc_init_array
                0x0000000008009164       0x48 c:/st/stm32cubeide_1.5.0/stm32cubeide/plugins/com.st.stm32cube.ide.mcu.externaltools.gnu-tools-for-stm32.7-2018-q2-update.win32_1.5.0.202011040924/tools/bin/../lib/gcc/arm-none-eabi/7.3.1/../../../../arm-none-eabi/lib/thumb/v7e-m/fpv4-sp/hard\libc_nano.a(lib_a-init.o)
                0x0000000008009164                __libc_init_array
 .text.memcpy   0x00000000080091ac       0x16 c:/st/stm32cubeide_1.5.0/stm32cubeide/plugins/com.st.stm32cube.ide.mcu.externaltools.gnu-tools-for-stm32.7-2018-q2-update.win32_1.5.0.202011040924/tools/bin/../lib/gcc/arm-none-eabi/7.3.1/../../../../arm-none-eabi/lib/thumb/v7e-m/fpv4-sp/hard\libc_nano.a(lib_a-memcpy-stub.o)
                0x00000000080091ac                memcpy
 .text.memset   0x00000000080091c2       0x10 c:/st/stm32cubeide_1.5.0/stm32cubeide/plugins/com.st.stm32cube.ide.mcu.externaltools.gnu-tools-for-stm32.7-2018-q2-update.win32_1.5.0.202011040924/tools/bin/../lib/gcc/arm-none-eabi/7.3.1/../../../../arm-none-eabi/lib/thumb/v7e-m/fpv4-sp/hard\libc_nano.a(lib_a-memset.o)
                0x00000000080091c2                memset
 *(.glue_7)
 .glue_7        0x00000000080091d2        0x0 linker stubs
 *(.glue_7t)
 .glue_7t       0x00000000080091d2        0x0 linker stubs
 *(.eh_frame)
 *fill*         0x00000000080091d2        0x2 
 .eh_frame      0x00000000080091d4        0x0 c:/st/stm32cubeide_1.5.0/stm32cubeide/plugins/com.st.stm32cube.ide.mcu.externaltools.gnu-tools-for-stm32.7-2018-q2-update.win32_1.5.0.202011040924/tools/bin/../lib/gcc/arm-none-eabi/7.3.1/thumb/v7e-m/fpv4-sp/hard/crtbegin.o
 *(.init)
 .init          0x00000000080091d4        0x4 c:/st/stm32cubeide_1.5.0/stm32cubeide/plugins/com.st.stm32cube.ide.mcu.externaltools.gnu-tools-for-stm32.7-2018-q2-update.win32_1.5.0.202011040924/tools/bin/../lib/gcc/arm-none-eabi/7.3.1/thumb/v7e-m/fpv4-sp/hard/crti.o
                0x00000000080091d4                _init
 .init          0x00000000080091d8        0x8 c:/st/stm32cubeide_1.5.0/stm32cubeide/plugins/com.st.stm32cube.ide.mcu.externaltools.gnu-tools-for-stm32.7-2018-q2-update.win32_1.5.0.202011040924/tools/bin/../lib/gcc/arm-none-eabi/7.3.1/thumb/v7e-m/fpv4-sp/hard/crtn.o
 *(.fini)
 .fini          0x00000000080091e0        0x4 c:/st/stm32cubeide_1.5.0/stm32cubeide/plugins/com.st.stm32cube.ide.mcu.externaltools.gnu-tools-for-stm32.7-2018-q2-update.win32_1.5.0.202011040924/tools/bin/../lib/gcc/arm-none-eabi/7.3.1/thumb/v7e-m/fpv4-sp/hard/crti.o
                0x00000000080091e0                _fini
 .fini          0x00000000080091e4        0x8 c:/st/stm32cubeide_1.5.0/stm32cubeide/plugins/com.st.stm32cube.ide.mcu.externaltools.gnu-tools-for-stm32.7-2018-q2-update.win32_1.5.0.202011040924/tools/bin/../lib/gcc/arm-none-eabi/7.3.1/thumb/v7e-m/fpv4-sp/hard/crtn.o
                0x00000000080091ec                . = ALIGN (0x4)
                0x00000000080091ec                _etext = .

.vfp11_veneer   0x00000000080091ec        0x0
 .vfp11_veneer  0x00000000080091ec        0x0 linker stubs

.v4_bx          0x00000000080091ec        0x0
 .v4_bx         0x00000000080091ec        0x0 linker stubs

.iplt           0x00000000080091ec        0x0
 .iplt          0x00000000080091ec        0x0 c:/st/stm32cubeide_1.5.0/stm32cubeide/plugins/com.st.stm32cube.ide.mcu.externaltools.gnu-tools-for-stm32.7-2018-q2-update.win32_1.5.0.202011040924/tools/bin/../lib/gcc/arm-none-eabi/7.3.1/thumb/v7e-m/fpv4-sp/hard/crtbegin.o

.rodata         0x00000000080091ec       0x98
                0x00000000080091ec                . = ALIGN (0x4)
 *(.rodata)
 .rodata        0x00000000080091ec       0x1f Core/Src/main.o
 *fill*         0x000000000800920b        0x1 
 .rodata        0x000000000800920c        0x5 Middlewares/FreeRTOS/tasks.o
 *fill*         0x0000000008009211        0x3 
 .rodata        0x0000000008009214        0xd Middlewares/FreeRTOS/timers.o
 *(.rodata*)
 *fill*         0x0000000008009221        0x3 
 .rodata.tskDebug_attributes
                0x0000000008009224       0x24 Core/Src/main.o
                0x0000000008009224                tskDebug_attributes
 .rodata.tskZonesGatekeeper_attributes
                0x0000000008009248       0x24 Core/Src/main.o
                0x0000000008009248                tskZonesGatekeeper_attributes
 .rodata.AHBPrescTable
                0x000000000800926c       0x10 Core/Src/system_stm32f4xx.o
                0x000000000800926c                AHBPrescTable
 .rodata.APBPrescTable
                0x000000000800927c        0x8 Core/Src/system_stm32f4xx.o
                0x000000000800927c                APBPrescTable
                0x0000000008009284                . = ALIGN (0x4)

.ARM.extab      0x0000000008009284        0x0
                0x0000000008009284                . = ALIGN (0x4)
 *(.ARM.extab* .gnu.linkonce.armextab.*)
                0x0000000008009284                . = ALIGN (0x4)

.ARM            0x0000000008009284        0x8
                0x0000000008009284                . = ALIGN (0x4)
                0x0000000008009284                __exidx_start = .
 *(.ARM.exidx*)
 .ARM.exidx     0x0000000008009284        0x8 c:/st/stm32cubeide_1.5.0/stm32cubeide/plugins/com.st.stm32cube.ide.mcu.externaltools.gnu-tools-for-stm32.7-2018-q2-update.win32_1.5.0.202011040924/tools/bin/../lib/gcc/arm-none-eabi/7.3.1/thumb/v7e-m/fpv4-sp/hard\libgcc.a(_udivmoddi4.o)
                0x000000000800928c                __exidx_end = .
                0x000000000800928c                . = ALIGN (0x4)

.rel.dyn        0x000000000800928c        0x0
 .rel.iplt      0x000000000800928c        0x0 c:/st/stm32cubeide_1.5.0/stm32cubeide/plugins/com.st.stm32cube.ide.mcu.externaltools.gnu-tools-for-stm32.7-2018-q2-update.win32_1.5.0.202011040924/tools/bin/../lib/gcc/arm-none-eabi/7.3.1/thumb/v7e-m/fpv4-sp/hard/crtbegin.o

.preinit_array  0x000000000800928c        0x0
                0x000000000800928c                . = ALIGN (0x4)
                0x000000000800928c                PROVIDE (__preinit_array_start = .)
 *(.preinit_array*)
                0x000000000800928c                PROVIDE (__preinit_array_end = .)
                0x000000000800928c                . = ALIGN (0x4)

.init_array     0x000000000800928c        0x4
                0x000000000800928c                . = ALIGN (0x4)
                0x000000000800928c                PROVIDE (__init_array_start = .)
 *(SORT_BY_NAME(.init_array.*))
 *(.init_array*)
 .init_array    0x000000000800928c        0x4 c:/st/stm32cubeide_1.5.0/stm32cubeide/plugins/com.st.stm32cube.ide.mcu.externaltools.gnu-tools-for-stm32.7-2018-q2-update.win32_1.5.0.202011040924/tools/bin/../lib/gcc/arm-none-eabi/7.3.1/thumb/v7e-m/fpv4-sp/hard/crtbegin.o
                0x0000000008009290                PROVIDE (__init_array_end = .)
                0x0000000008009290                . = ALIGN (0x4)

.fini_array     0x0000000008009290        0x4
                0x0000000008009290                . = ALIGN (0x4)
                [!provide]                        PROVIDE (__fini_array_start = .)
 *(SORT_BY_NAME(.fini_array.*))
 *(.fini_array*)
 .fini_array    0x0000000008009290        0x4 c:/st/stm32cubeide_1.5.0/stm32cubeide/plugins/com.st.stm32cube.ide.mcu.externaltools.gnu-tools-for-stm32.7-2018-q2-update.win32_1.5.0.202011040924/tools/bin/../lib/gcc/arm-none-eabi/7.3.1/thumb/v7e-m/fpv4-sp/hard/crtbegin.o
                [!provide]                        PROVIDE (__fini_array_end = .)
                0x0000000008009294                . = ALIGN (0x4)
                0x0000000008009294                _sidata = LOADADDR (.data)

.data           0x0000000020000000       0x10 load address 0x0000000008009294
                0x0000000020000000                . = ALIGN (0x4)
                0x0000000020000000                _sdata = .
 *(.data)
 *(.data*)
 .data.SystemCoreClock
                0x0000000020000000        0x4 Core/Src/system_stm32f4xx.o
                0x0000000020000000                SystemCoreClock
 .data.uwTickPrio
                0x0000000020000004        0x4 Drivers/STM32F4xx_HAL_Driver/stm32f4xx_hal.o
                0x0000000020000004                uwTickPrio
 .data.uwTickFreq
                0x0000000020000008        0x1 Drivers/STM32F4xx_HAL_Driver/stm32f4xx_hal.o
                0x0000000020000008                uwTickFreq
 *fill*         0x0000000020000009        0x3 
 .data.uxCriticalNesting
                0x000000002000000c        0x4 Middlewares/FreeRTOS/port.o
 *(.RamFunc)
 *(.RamFunc*)
                0x0000000020000010                . = ALIGN (0x4)
                0x0000000020000010                _edata = .

.igot.plt       0x0000000020000010        0x0 load address 0x00000000080092a4
 .igot.plt      0x0000000020000010        0x0 c:/st/stm32cubeide_1.5.0/stm32cubeide/plugins/com.st.stm32cube.ide.mcu.externaltools.gnu-tools-for-stm32.7-2018-q2-update.win32_1.5.0.202011040924/tools/bin/../lib/gcc/arm-none-eabi/7.3.1/thumb/v7e-m/fpv4-sp/hard/crtbegin.o
                0x0000000020000010                . = ALIGN (0x4)

.bss            0x0000000020000010     0x92e0 load address 0x00000000080092a4
                0x0000000020000010                _sbss = .
                0x0000000020000010                __bss_start__ = _sbss
 *(.bss)
 .bss           0x0000000020000010       0x1c c:/st/stm32cubeide_1.5.0/stm32cubeide/plugins/com.st.stm32cube.ide.mcu.externaltools.gnu-tools-for-stm32.7-2018-q2-update.win32_1.5.0.202011040924/tools/bin/../lib/gcc/arm-none-eabi/7.3.1/thumb/v7e-m/fpv4-sp/hard/crtbegin.o
 *(.bss*)
 .bss.FMC_Initialized
                0x000000002000002c        0x4 Core/Src/stm32f4xx_hal_msp.o
 .bss.KernelState
                0x0000000020000030        0x4 Middlewares/FreeRTOS/cmsis_os2.o
 .bss.Idle_TCB  0x0000000020000034       0x68 Middlewares/FreeRTOS/cmsis_os2.o
 .bss.Idle_Stack
                0x000000002000009c      0x200 Middlewares/FreeRTOS/cmsis_os2.o
 .bss.Timer_TCB
                0x000000002000029c       0x68 Middlewares/FreeRTOS/cmsis_os2.o
 .bss.Timer_Stack
                0x0000000020000304      0x400 Middlewares/FreeRTOS/cmsis_os2.o
 .bss.ucHeap    0x0000000020000704     0x8000 Middlewares/FreeRTOS/heap_4.o
 .bss.xStart    0x0000000020008704        0x8 Middlewares/FreeRTOS/heap_4.o
 .bss.pxEnd     0x000000002000870c        0x4 Middlewares/FreeRTOS/heap_4.o
 .bss.xFreeBytesRemaining
                0x0000000020008710        0x4 Middlewares/FreeRTOS/heap_4.o
 .bss.xMinimumEverFreeBytesRemaining
                0x0000000020008714        0x4 Middlewares/FreeRTOS/heap_4.o
 .bss.xBlockAllocatedBit
                0x0000000020008718        0x4 Middlewares/FreeRTOS/heap_4.o
 .bss.ucMaxSysCallPriority
                0x000000002000871c        0x1 Middlewares/FreeRTOS/port.o
 *fill*         0x000000002000871d        0x3 
 .bss.ulMaxPRIGROUPValue
                0x0000000020008720        0x4 Middlewares/FreeRTOS/port.o
 .bss.pxCurrentTCB
                0x0000000020008724        0x4 Middlewares/FreeRTOS/tasks.o
                0x0000000020008724                pxCurrentTCB
 .bss.pxReadyTasksLists
                0x0000000020008728      0x460 Middlewares/FreeRTOS/tasks.o
 .bss.xDelayedTaskList1
                0x0000000020008b88       0x14 Middlewares/FreeRTOS/tasks.o
 .bss.xDelayedTaskList2
                0x0000000020008b9c       0x14 Middlewares/FreeRTOS/tasks.o
 .bss.pxDelayedTaskList
                0x0000000020008bb0        0x4 Middlewares/FreeRTOS/tasks.o
 .bss.pxOverflowDelayedTaskList
                0x0000000020008bb4        0x4 Middlewares/FreeRTOS/tasks.o
 .bss.xPendingReadyList
                0x0000000020008bb8       0x14 Middlewares/FreeRTOS/tasks.o
 .bss.xTasksWaitingTermination
                0x0000000020008bcc       0x14 Middlewares/FreeRTOS/tasks.o
 .bss.uxDeletedTasksWaitingCleanUp
                0x0000000020008be0        0x4 Middlewares/FreeRTOS/tasks.o
 .bss.xSuspendedTaskList
                0x0000000020008be4       0x14 Middlewares/FreeRTOS/tasks.o
 .bss.uxCurrentNumberOfTasks
                0x0000000020008bf8        0x4 Middlewares/FreeRTOS/tasks.o
 .bss.xTickCount
                0x0000000020008bfc        0x4 Middlewares/FreeRTOS/tasks.o
 .bss.uxTopReadyPriority
                0x0000000020008c00        0x4 Middlewares/FreeRTOS/tasks.o
 .bss.xSchedulerRunning
                0x0000000020008c04        0x4 Middlewares/FreeRTOS/tasks.o
 .bss.uxPendedTicks
                0x0000000020008c08        0x4 Middlewares/FreeRTOS/tasks.o
 .bss.xYieldPending
                0x0000000020008c0c        0x4 Middlewares/FreeRTOS/tasks.o
 .bss.xNumOfOverflows
                0x0000000020008c10        0x4 Middlewares/FreeRTOS/tasks.o
 .bss.uxTaskNumber
                0x0000000020008c14        0x4 Middlewares/FreeRTOS/tasks.o
 .bss.xNextTaskUnblockTime
                0x0000000020008c18        0x4 Middlewares/FreeRTOS/tasks.o
 .bss.xIdleTaskHandle
                0x0000000020008c1c        0x4 Middlewares/FreeRTOS/tasks.o
 .bss.uxSchedulerSuspended
                0x0000000020008c20        0x4 Middlewares/FreeRTOS/tasks.o
 .bss.xActiveTimerList1
                0x0000000020008c24       0x14 Middlewares/FreeRTOS/timers.o
 .bss.xActiveTimerList2
                0x0000000020008c38       0x14 Middlewares/FreeRTOS/timers.o
 .bss.pxCurrentTimerList
                0x0000000020008c4c        0x4 Middlewares/FreeRTOS/timers.o
 .bss.pxOverflowTimerList
                0x0000000020008c50        0x4 Middlewares/FreeRTOS/timers.o
 .bss.xTimerQueue
                0x0000000020008c54        0x4 Middlewares/FreeRTOS/timers.o
 .bss.xTimerTaskHandle
                0x0000000020008c58        0x4 Middlewares/FreeRTOS/timers.o
 .bss.xLastTime.6749
                0x0000000020008c5c        0x4 Middlewares/FreeRTOS/timers.o
 .bss.ucStaticTimerQueueStorage.6800
                0x0000000020008c60       0xa0 Middlewares/FreeRTOS/timers.o
 .bss.xStaticTimerQueue.6799
                0x0000000020008d00       0x50 Middlewares/FreeRTOS/timers.o
 *(COMMON)
 COMMON         0x0000000020008d50      0x51c Core/Src/main.o
                0x0000000020008d50                hi2c3
                0x0000000020008da4                hspi5
                0x0000000020008dfc                hcrc
                0x0000000020008e04                tskDebugHandle
                0x0000000020008e08                hltdc
                0x0000000020008eb0                huart1
                0x0000000020008ef0                hhcd_USB_OTG_HS
                0x00000000200091b4                htim1
                0x00000000200091f4                hdma2d
                0x0000000020009234                hsdram1
                0x0000000020009268                tskZonesGatekeeperHandle
 COMMON         0x000000002000926c       0x40 Core/Src/stm32f4xx_hal_timebase_tim.o
                0x000000002000926c                htim6
 COMMON         0x00000000200092ac        0x4 Drivers/STM32F4xx_HAL_Driver/stm32f4xx_hal.o
                0x00000000200092ac                uwTick
 COMMON         0x00000000200092b0       0x40 Middlewares/FreeRTOS/queue.o
                0x00000000200092b0                xQueueRegistry
                0x00000000200092f0                . = ALIGN (0x4)
                0x00000000200092f0                _ebss = .
                0x00000000200092f0                __bss_end__ = _ebss

._user_heap_stack
                0x00000000200092f0      0x600 load address 0x00000000080092a4
                0x00000000200092f0                . = ALIGN (0x8)
                [!provide]                        PROVIDE (end = .)
                0x00000000200092f0                PROVIDE (_end = .)
                0x00000000200094f0                . = (. + _Min_Heap_Size)
 *fill*         0x00000000200092f0      0x200 
                0x00000000200098f0                . = (. + _Min_Stack_Size)
 *fill*         0x00000000200094f0      0x400 
                0x00000000200098f0                . = ALIGN (0x8)

/DISCARD/
 libc.a(*)
 libm.a(*)
 libgcc.a(*)

.ARM.attributes
                0x0000000000000000       0x30
 *(.ARM.attributes)
 .ARM.attributes
                0x0000000000000000       0x22 c:/st/stm32cubeide_1.5.0/stm32cubeide/plugins/com.st.stm32cube.ide.mcu.externaltools.gnu-tools-for-stm32.7-2018-q2-update.win32_1.5.0.202011040924/tools/bin/../lib/gcc/arm-none-eabi/7.3.1/thumb/v7e-m/fpv4-sp/hard/crti.o
 .ARM.attributes
                0x0000000000000022       0x34 c:/st/stm32cubeide_1.5.0/stm32cubeide/plugins/com.st.stm32cube.ide.mcu.externaltools.gnu-tools-for-stm32.7-2018-q2-update.win32_1.5.0.202011040924/tools/bin/../lib/gcc/arm-none-eabi/7.3.1/thumb/v7e-m/fpv4-sp/hard/crtbegin.o
 .ARM.attributes
                0x0000000000000056       0x39 Core/Src/freertos.o
 .ARM.attributes
                0x000000000000008f       0x39 Core/Src/main.o
 .ARM.attributes
                0x00000000000000c8       0x39 Core/Src/stm32f4xx_hal_msp.o
 .ARM.attributes
                0x0000000000000101       0x39 Core/Src/stm32f4xx_hal_timebase_tim.o
 .ARM.attributes
                0x000000000000013a       0x39 Core/Src/stm32f4xx_it.o
 .ARM.attributes
                0x0000000000000173       0x39 Core/Src/system_stm32f4xx.o
 .ARM.attributes
                0x00000000000001ac       0x21 Core/Startup/startup_stm32f429zitx.o
 .ARM.attributes
                0x00000000000001cd       0x39 Drivers/STM32F4xx_HAL_Driver/stm32f4xx_hal.o
 .ARM.attributes
                0x0000000000000206       0x39 Drivers/STM32F4xx_HAL_Driver/stm32f4xx_hal_cortex.o
 .ARM.attributes
                0x000000000000023f       0x39 Drivers/STM32F4xx_HAL_Driver/stm32f4xx_hal_crc.o
 .ARM.attributes
                0x0000000000000278       0x39 Drivers/STM32F4xx_HAL_Driver/stm32f4xx_hal_dma2d.o
 .ARM.attributes
                0x00000000000002b1       0x39 Drivers/STM32F4xx_HAL_Driver/stm32f4xx_hal_gpio.o
 .ARM.attributes
                0x00000000000002ea       0x39 Drivers/STM32F4xx_HAL_Driver/stm32f4xx_hal_hcd.o
 .ARM.attributes
                0x0000000000000323       0x39 Drivers/STM32F4xx_HAL_Driver/stm32f4xx_hal_i2c.o
 .ARM.attributes
                0x000000000000035c       0x39 Drivers/STM32F4xx_HAL_Driver/stm32f4xx_hal_i2c_ex.o
 .ARM.attributes
                0x0000000000000395       0x39 Drivers/STM32F4xx_HAL_Driver/stm32f4xx_hal_ltdc.o
 .ARM.attributes
                0x00000000000003ce       0x39 Drivers/STM32F4xx_HAL_Driver/stm32f4xx_hal_rcc.o
 .ARM.attributes
                0x0000000000000407       0x39 Drivers/STM32F4xx_HAL_Driver/stm32f4xx_hal_rcc_ex.o
 .ARM.attributes
                0x0000000000000440       0x39 Drivers/STM32F4xx_HAL_Driver/stm32f4xx_hal_sdram.o
 .ARM.attributes
                0x0000000000000479       0x39 Drivers/STM32F4xx_HAL_Driver/stm32f4xx_hal_spi.o
 .ARM.attributes
                0x00000000000004b2       0x39 Drivers/STM32F4xx_HAL_Driver/stm32f4xx_hal_tim.o
 .ARM.attributes
                0x00000000000004eb       0x39 Drivers/STM32F4xx_HAL_Driver/stm32f4xx_hal_tim_ex.o
 .ARM.attributes
                0x0000000000000524       0x39 Drivers/STM32F4xx_HAL_Driver/stm32f4xx_hal_uart.o
 .ARM.attributes
                0x000000000000055d       0x39 Drivers/STM32F4xx_HAL_Driver/stm32f4xx_ll_fmc.o
 .ARM.attributes
                0x0000000000000596       0x39 Drivers/STM32F4xx_HAL_Driver/stm32f4xx_ll_usb.o
 .ARM.attributes
                0x00000000000005cf       0x39 Middlewares/FreeRTOS/cmsis_os2.o
 .ARM.attributes
                0x0000000000000608       0x39 Middlewares/FreeRTOS/heap_4.o
 .ARM.attributes
                0x0000000000000641       0x39 Middlewares/FreeRTOS/list.o
 .ARM.attributes
                0x000000000000067a       0x39 Middlewares/FreeRTOS/port.o
 .ARM.attributes
                0x00000000000006b3       0x39 Middlewares/FreeRTOS/queue.o
 .ARM.attributes
                0x00000000000006ec       0x39 Middlewares/FreeRTOS/tasks.o
 .ARM.attributes
                0x0000000000000725       0x39 Middlewares/FreeRTOS/timers.o
 .ARM.attributes
                0x000000000000075e       0x34 c:/st/stm32cubeide_1.5.0/stm32cubeide/plugins/com.st.stm32cube.ide.mcu.externaltools.gnu-tools-for-stm32.7-2018-q2-update.win32_1.5.0.202011040924/tools/bin/../lib/gcc/arm-none-eabi/7.3.1/../../../../arm-none-eabi/lib/thumb/v7e-m/fpv4-sp/hard\libc_nano.a(lib_a-init.o)
 .ARM.attributes
                0x0000000000000792       0x34 c:/st/stm32cubeide_1.5.0/stm32cubeide/plugins/com.st.stm32cube.ide.mcu.externaltools.gnu-tools-for-stm32.7-2018-q2-update.win32_1.5.0.202011040924/tools/bin/../lib/gcc/arm-none-eabi/7.3.1/../../../../arm-none-eabi/lib/thumb/v7e-m/fpv4-sp/hard\libc_nano.a(lib_a-memcpy-stub.o)
 .ARM.attributes
                0x00000000000007c6       0x34 c:/st/stm32cubeide_1.5.0/stm32cubeide/plugins/com.st.stm32cube.ide.mcu.externaltools.gnu-tools-for-stm32.7-2018-q2-update.win32_1.5.0.202011040924/tools/bin/../lib/gcc/arm-none-eabi/7.3.1/../../../../arm-none-eabi/lib/thumb/v7e-m/fpv4-sp/hard\libc_nano.a(lib_a-memset.o)
 .ARM.attributes
                0x00000000000007fa       0x22 c:/st/stm32cubeide_1.5.0/stm32cubeide/plugins/com.st.stm32cube.ide.mcu.externaltools.gnu-tools-for-stm32.7-2018-q2-update.win32_1.5.0.202011040924/tools/bin/../lib/gcc/arm-none-eabi/7.3.1/thumb/v7e-m/fpv4-sp/hard\libgcc.a(_aeabi_uldivmod.o)
 .ARM.attributes
                0x000000000000081c       0x34 c:/st/stm32cubeide_1.5.0/stm32cubeide/plugins/com.st.stm32cube.ide.mcu.externaltools.gnu-tools-for-stm32.7-2018-q2-update.win32_1.5.0.202011040924/tools/bin/../lib/gcc/arm-none-eabi/7.3.1/thumb/v7e-m/fpv4-sp/hard\libgcc.a(_udivmoddi4.o)
 .ARM.attributes
                0x0000000000000850       0x22 c:/st/stm32cubeide_1.5.0/stm32cubeide/plugins/com.st.stm32cube.ide.mcu.externaltools.gnu-tools-for-stm32.7-2018-q2-update.win32_1.5.0.202011040924/tools/bin/../lib/gcc/arm-none-eabi/7.3.1/thumb/v7e-m/fpv4-sp/hard\libgcc.a(_dvmd_tls.o)
 .ARM.attributes
                0x0000000000000872       0x22 c:/st/stm32cubeide_1.5.0/stm32cubeide/plugins/com.st.stm32cube.ide.mcu.externaltools.gnu-tools-for-stm32.7-2018-q2-update.win32_1.5.0.202011040924/tools/bin/../lib/gcc/arm-none-eabi/7.3.1/thumb/v7e-m/fpv4-sp/hard/crtn.o
OUTPUT(control_de_riego.elf elf32-littlearm)

.debug_info     0x0000000000000000    0x2572c
 .debug_info    0x0000000000000000      0x1e8 Core/Src/freertos.o
 .debug_info    0x00000000000001e8     0x2609 Core/Src/main.o
 .debug_info    0x00000000000027f1     0x24bc Core/Src/stm32f4xx_hal_msp.o
 .debug_info    0x0000000000004cad      0xb7d Core/Src/stm32f4xx_hal_timebase_tim.o
 .debug_info    0x000000000000582a     0x1193 Core/Src/stm32f4xx_it.o
 .debug_info    0x00000000000069bd      0x56e Core/Src/system_stm32f4xx.o
 .debug_info    0x0000000000006f2b       0x22 Core/Startup/startup_stm32f429zitx.o
 .debug_info    0x0000000000006f4d      0x9b9 Drivers/STM32F4xx_HAL_Driver/stm32f4xx_hal.o
 .debug_info    0x0000000000007906      0xe5e Drivers/STM32F4xx_HAL_Driver/stm32f4xx_hal_cortex.o
 .debug_info    0x0000000000008764      0x441 Drivers/STM32F4xx_HAL_Driver/stm32f4xx_hal_crc.o
 .debug_info    0x0000000000008ba5      0xf72 Drivers/STM32F4xx_HAL_Driver/stm32f4xx_hal_dma2d.o
 .debug_info    0x0000000000009b17      0x7cf Drivers/STM32F4xx_HAL_Driver/stm32f4xx_hal_gpio.o
 .debug_info    0x000000000000a2e6      0xe5f Drivers/STM32F4xx_HAL_Driver/stm32f4xx_hal_hcd.o
 .debug_info    0x000000000000b145     0x2433 Drivers/STM32F4xx_HAL_Driver/stm32f4xx_hal_i2c.o
 .debug_info    0x000000000000d578      0x719 Drivers/STM32F4xx_HAL_Driver/stm32f4xx_hal_i2c_ex.o
 .debug_info    0x000000000000dc91     0x1104 Drivers/STM32F4xx_HAL_Driver/stm32f4xx_hal_ltdc.o
 .debug_info    0x000000000000ed95      0x91e Drivers/STM32F4xx_HAL_Driver/stm32f4xx_hal_rcc.o
 .debug_info    0x000000000000f6b3      0x6bc Drivers/STM32F4xx_HAL_Driver/stm32f4xx_hal_rcc_ex.o
 .debug_info    0x000000000000fd6f      0xc9a Drivers/STM32F4xx_HAL_Driver/stm32f4xx_hal_sdram.o
 .debug_info    0x0000000000010a09     0x163a Drivers/STM32F4xx_HAL_Driver/stm32f4xx_hal_spi.o
 .debug_info    0x0000000000012043     0x24a9 Drivers/STM32F4xx_HAL_Driver/stm32f4xx_hal_tim.o
 .debug_info    0x00000000000144ec     0x1157 Drivers/STM32F4xx_HAL_Driver/stm32f4xx_hal_tim_ex.o
 .debug_info    0x0000000000015643     0x124c Drivers/STM32F4xx_HAL_Driver/stm32f4xx_hal_uart.o
 .debug_info    0x000000000001688f      0xf0b Drivers/STM32F4xx_HAL_Driver/stm32f4xx_ll_fmc.o
 .debug_info    0x000000000001779a     0x18dd Drivers/STM32F4xx_HAL_Driver/stm32f4xx_ll_usb.o
 .debug_info    0x0000000000019077     0x408b Middlewares/FreeRTOS/cmsis_os2.o
 .debug_info    0x000000000001d102      0xbff Middlewares/FreeRTOS/heap_4.o
 .debug_info    0x000000000001dd01      0xacb Middlewares/FreeRTOS/list.o
 .debug_info    0x000000000001e7cc      0x533 Middlewares/FreeRTOS/port.o
 .debug_info    0x000000000001ecff     0x239c Middlewares/FreeRTOS/queue.o
 .debug_info    0x000000000002109b     0x2bca Middlewares/FreeRTOS/tasks.o
 .debug_info    0x0000000000023c65     0x1ac7 Middlewares/FreeRTOS/timers.o

.debug_abbrev   0x0000000000000000     0x4346
 .debug_abbrev  0x0000000000000000       0xe9 Core/Src/freertos.o
 .debug_abbrev  0x00000000000000e9      0x29f Core/Src/main.o
 .debug_abbrev  0x0000000000000388      0x278 Core/Src/stm32f4xx_hal_msp.o
 .debug_abbrev  0x0000000000000600      0x19d Core/Src/stm32f4xx_hal_timebase_tim.o
 .debug_abbrev  0x000000000000079d      0x1a1 Core/Src/stm32f4xx_it.o
 .debug_abbrev  0x000000000000093e      0x12b Core/Src/system_stm32f4xx.o
 .debug_abbrev  0x0000000000000a69       0x12 Core/Startup/startup_stm32f429zitx.o
 .debug_abbrev  0x0000000000000a7b      0x1c7 Drivers/STM32F4xx_HAL_Driver/stm32f4xx_hal.o
 .debug_abbrev  0x0000000000000c42      0x2fa Drivers/STM32F4xx_HAL_Driver/stm32f4xx_hal_cortex.o
 .debug_abbrev  0x0000000000000f3c      0x1b7 Drivers/STM32F4xx_HAL_Driver/stm32f4xx_hal_crc.o
 .debug_abbrev  0x00000000000010f3      0x211 Drivers/STM32F4xx_HAL_Driver/stm32f4xx_hal_dma2d.o
 .debug_abbrev  0x0000000000001304      0x1c9 Drivers/STM32F4xx_HAL_Driver/stm32f4xx_hal_gpio.o
 .debug_abbrev  0x00000000000014cd      0x255 Drivers/STM32F4xx_HAL_Driver/stm32f4xx_hal_hcd.o
 .debug_abbrev  0x0000000000001722      0x254 Drivers/STM32F4xx_HAL_Driver/stm32f4xx_hal_i2c.o
 .debug_abbrev  0x0000000000001976      0x16d Drivers/STM32F4xx_HAL_Driver/stm32f4xx_hal_i2c_ex.o
 .debug_abbrev  0x0000000000001ae3      0x209 Drivers/STM32F4xx_HAL_Driver/stm32f4xx_hal_ltdc.o
 .debug_abbrev  0x0000000000001cec      0x245 Drivers/STM32F4xx_HAL_Driver/stm32f4xx_hal_rcc.o
 .debug_abbrev  0x0000000000001f31      0x173 Drivers/STM32F4xx_HAL_Driver/stm32f4xx_hal_rcc_ex.o
 .debug_abbrev  0x00000000000020a4      0x1f7 Drivers/STM32F4xx_HAL_Driver/stm32f4xx_hal_sdram.o
 .debug_abbrev  0x000000000000229b      0x240 Drivers/STM32F4xx_HAL_Driver/stm32f4xx_hal_spi.o
 .debug_abbrev  0x00000000000024db      0x230 Drivers/STM32F4xx_HAL_Driver/stm32f4xx_hal_tim.o
 .debug_abbrev  0x000000000000270b      0x21e Drivers/STM32F4xx_HAL_Driver/stm32f4xx_hal_tim_ex.o
 .debug_abbrev  0x0000000000002929      0x242 Drivers/STM32F4xx_HAL_Driver/stm32f4xx_hal_uart.o
 .debug_abbrev  0x0000000000002b6b      0x18c Drivers/STM32F4xx_HAL_Driver/stm32f4xx_ll_fmc.o
 .debug_abbrev  0x0000000000002cf7      0x26d Drivers/STM32F4xx_HAL_Driver/stm32f4xx_ll_usb.o
 .debug_abbrev  0x0000000000002f64      0x3db Middlewares/FreeRTOS/cmsis_os2.o
 .debug_abbrev  0x000000000000333f      0x2ba Middlewares/FreeRTOS/heap_4.o
 .debug_abbrev  0x00000000000035f9      0x1cf Middlewares/FreeRTOS/list.o
 .debug_abbrev  0x00000000000037c8      0x210 Middlewares/FreeRTOS/port.o
 .debug_abbrev  0x00000000000039d8      0x336 Middlewares/FreeRTOS/queue.o
 .debug_abbrev  0x0000000000003d0e      0x361 Middlewares/FreeRTOS/tasks.o
 .debug_abbrev  0x000000000000406f      0x2d7 Middlewares/FreeRTOS/timers.o

.debug_aranges  0x0000000000000000     0x1fd8
 .debug_aranges
                0x0000000000000000       0x30 Core/Src/freertos.o
 .debug_aranges
                0x0000000000000030       0x98 Core/Src/main.o
 .debug_aranges
                0x00000000000000c8       0xc0 Core/Src/stm32f4xx_hal_msp.o
 .debug_aranges
                0x0000000000000188       0x30 Core/Src/stm32f4xx_hal_timebase_tim.o
 .debug_aranges
                0x00000000000001b8       0x68 Core/Src/stm32f4xx_it.o
 .debug_aranges
                0x0000000000000220       0x28 Core/Src/system_stm32f4xx.o
 .debug_aranges
                0x0000000000000248       0x28 Core/Startup/startup_stm32f429zitx.o
 .debug_aranges
                0x0000000000000270      0x100 Drivers/STM32F4xx_HAL_Driver/stm32f4xx_hal.o
 .debug_aranges
                0x0000000000000370      0x118 Drivers/STM32F4xx_HAL_Driver/stm32f4xx_hal_cortex.o
 .debug_aranges
                0x0000000000000488       0x50 Drivers/STM32F4xx_HAL_Driver/stm32f4xx_hal_crc.o
 .debug_aranges
                0x00000000000004d8      0x118 Drivers/STM32F4xx_HAL_Driver/stm32f4xx_hal_dma2d.o
 .debug_aranges
                0x00000000000005f0       0x58 Drivers/STM32F4xx_HAL_Driver/stm32f4xx_hal_gpio.o
 .debug_aranges
                0x0000000000000648       0xf8 Drivers/STM32F4xx_HAL_Driver/stm32f4xx_hal_hcd.o
 .debug_aranges
                0x0000000000000740      0x2a0 Drivers/STM32F4xx_HAL_Driver/stm32f4xx_hal_i2c.o
 .debug_aranges
                0x00000000000009e0       0x28 Drivers/STM32F4xx_HAL_Driver/stm32f4xx_hal_i2c_ex.o
 .debug_aranges
                0x0000000000000a08      0x158 Drivers/STM32F4xx_HAL_Driver/stm32f4xx_hal_ltdc.o
 .debug_aranges
                0x0000000000000b60       0x88 Drivers/STM32F4xx_HAL_Driver/stm32f4xx_hal_rcc.o
 .debug_aranges
                0x0000000000000be8       0x58 Drivers/STM32F4xx_HAL_Driver/stm32f4xx_hal_rcc_ex.o
 .debug_aranges
                0x0000000000000c40       0xd0 Drivers/STM32F4xx_HAL_Driver/stm32f4xx_hal_sdram.o
 .debug_aranges
                0x0000000000000d10      0x1d0 Drivers/STM32F4xx_HAL_Driver/stm32f4xx_hal_spi.o
 .debug_aranges
                0x0000000000000ee0      0x3a8 Drivers/STM32F4xx_HAL_Driver/stm32f4xx_hal_tim.o
 .debug_aranges
                0x0000000000001288      0x150 Drivers/STM32F4xx_HAL_Driver/stm32f4xx_hal_tim_ex.o
 .debug_aranges
                0x00000000000013d8      0x1d0 Drivers/STM32F4xx_HAL_Driver/stm32f4xx_hal_uart.o
 .debug_aranges
                0x00000000000015a8       0xf0 Drivers/STM32F4xx_HAL_Driver/stm32f4xx_ll_fmc.o
 .debug_aranges
                0x0000000000001698      0x198 Drivers/STM32F4xx_HAL_Driver/stm32f4xx_ll_usb.o
 .debug_aranges
                0x0000000000001830      0x240 Middlewares/FreeRTOS/cmsis_os2.o
 .debug_aranges
                0x0000000000001a70       0x50 Middlewares/FreeRTOS/heap_4.o
 .debug_aranges
                0x0000000000001ac0       0x40 Middlewares/FreeRTOS/list.o
 .debug_aranges
                0x0000000000001b00       0x80 Middlewares/FreeRTOS/port.o
 .debug_aranges
                0x0000000000001b80      0x158 Middlewares/FreeRTOS/queue.o
 .debug_aranges
                0x0000000000001cd8      0x218 Middlewares/FreeRTOS/tasks.o
 .debug_aranges
                0x0000000000001ef0       0xe8 Middlewares/FreeRTOS/timers.o

.debug_ranges   0x0000000000000000     0x1e08
 .debug_ranges  0x0000000000000000       0x20 Core/Src/freertos.o
 .debug_ranges  0x0000000000000020       0x88 Core/Src/main.o
 .debug_ranges  0x00000000000000a8       0xb0 Core/Src/stm32f4xx_hal_msp.o
 .debug_ranges  0x0000000000000158       0x20 Core/Src/stm32f4xx_hal_timebase_tim.o
 .debug_ranges  0x0000000000000178       0x58 Core/Src/stm32f4xx_it.o
 .debug_ranges  0x00000000000001d0       0x18 Core/Src/system_stm32f4xx.o
 .debug_ranges  0x00000000000001e8       0x20 Core/Startup/startup_stm32f429zitx.o
 .debug_ranges  0x0000000000000208       0xf0 Drivers/STM32F4xx_HAL_Driver/stm32f4xx_hal.o
 .debug_ranges  0x00000000000002f8      0x108 Drivers/STM32F4xx_HAL_Driver/stm32f4xx_hal_cortex.o
 .debug_ranges  0x0000000000000400       0x40 Drivers/STM32F4xx_HAL_Driver/stm32f4xx_hal_crc.o
 .debug_ranges  0x0000000000000440      0x108 Drivers/STM32F4xx_HAL_Driver/stm32f4xx_hal_dma2d.o
 .debug_ranges  0x0000000000000548       0x48 Drivers/STM32F4xx_HAL_Driver/stm32f4xx_hal_gpio.o
 .debug_ranges  0x0000000000000590       0xe8 Drivers/STM32F4xx_HAL_Driver/stm32f4xx_hal_hcd.o
 .debug_ranges  0x0000000000000678      0x2b8 Drivers/STM32F4xx_HAL_Driver/stm32f4xx_hal_i2c.o
 .debug_ranges  0x0000000000000930       0x18 Drivers/STM32F4xx_HAL_Driver/stm32f4xx_hal_i2c_ex.o
 .debug_ranges  0x0000000000000948      0x148 Drivers/STM32F4xx_HAL_Driver/stm32f4xx_hal_ltdc.o
 .debug_ranges  0x0000000000000a90       0x78 Drivers/STM32F4xx_HAL_Driver/stm32f4xx_hal_rcc.o
 .debug_ranges  0x0000000000000b08       0x48 Drivers/STM32F4xx_HAL_Driver/stm32f4xx_hal_rcc_ex.o
 .debug_ranges  0x0000000000000b50       0xc0 Drivers/STM32F4xx_HAL_Driver/stm32f4xx_hal_sdram.o
 .debug_ranges  0x0000000000000c10      0x1c0 Drivers/STM32F4xx_HAL_Driver/stm32f4xx_hal_spi.o
 .debug_ranges  0x0000000000000dd0      0x398 Drivers/STM32F4xx_HAL_Driver/stm32f4xx_hal_tim.o
 .debug_ranges  0x0000000000001168      0x140 Drivers/STM32F4xx_HAL_Driver/stm32f4xx_hal_tim_ex.o
 .debug_ranges  0x00000000000012a8      0x1c0 Drivers/STM32F4xx_HAL_Driver/stm32f4xx_hal_uart.o
 .debug_ranges  0x0000000000001468       0xe0 Drivers/STM32F4xx_HAL_Driver/stm32f4xx_ll_fmc.o
 .debug_ranges  0x0000000000001548      0x188 Drivers/STM32F4xx_HAL_Driver/stm32f4xx_ll_usb.o
 .debug_ranges  0x00000000000016d0      0x230 Middlewares/FreeRTOS/cmsis_os2.o
 .debug_ranges  0x0000000000001900       0x40 Middlewares/FreeRTOS/heap_4.o
 .debug_ranges  0x0000000000001940       0x30 Middlewares/FreeRTOS/list.o
 .debug_ranges  0x0000000000001970       0x70 Middlewares/FreeRTOS/port.o
 .debug_ranges  0x00000000000019e0      0x148 Middlewares/FreeRTOS/queue.o
 .debug_ranges  0x0000000000001b28      0x208 Middlewares/FreeRTOS/tasks.o
 .debug_ranges  0x0000000000001d30       0xd8 Middlewares/FreeRTOS/timers.o

.debug_macro    0x0000000000000000    0x27e86
 .debug_macro   0x0000000000000000      0x2ca Core/Src/freertos.o
 .debug_macro   0x00000000000002ca      0xa5a Core/Src/freertos.o
 .debug_macro   0x0000000000000d24      0x174 Core/Src/freertos.o
 .debug_macro   0x0000000000000e98       0x22 Core/Src/freertos.o
 .debug_macro   0x0000000000000eba       0x8e Core/Src/freertos.o
 .debug_macro   0x0000000000000f48       0x51 Core/Src/freertos.o
 .debug_macro   0x0000000000000f99       0xef Core/Src/freertos.o
 .debug_macro   0x0000000000001088       0x6a Core/Src/freertos.o
 .debug_macro   0x00000000000010f2      0x1df Core/Src/freertos.o
 .debug_macro   0x00000000000012d1      0x14f Core/Src/freertos.o
 .debug_macro   0x0000000000001420      0x15a Core/Src/freertos.o
 .debug_macro   0x000000000000157a       0xc9 Core/Src/freertos.o
 .debug_macro   0x0000000000001643       0x1c Core/Src/freertos.o
 .debug_macro   0x000000000000165f       0x26 Core/Src/freertos.o
 .debug_macro   0x0000000000001685      0x3ec Core/Src/freertos.o
 .debug_macro   0x0000000000001a71       0xb5 Core/Src/freertos.o
 .debug_macro   0x0000000000001b26       0xaa Core/Src/freertos.o
 .debug_macro   0x0000000000001bd0      0x2be Core/Src/freertos.o
 .debug_macro   0x0000000000001e8e       0x2e Core/Src/freertos.o
 .debug_macro   0x0000000000001ebc       0x28 Core/Src/freertos.o
 .debug_macro   0x0000000000001ee4       0x1c Core/Src/freertos.o
 .debug_macro   0x0000000000001f00       0x22 Core/Src/freertos.o
 .debug_macro   0x0000000000001f22       0xdf Core/Src/freertos.o
 .debug_macro   0x0000000000002001     0x102d Core/Src/freertos.o
 .debug_macro   0x000000000000302e      0x11f Core/Src/freertos.o
 .debug_macro   0x000000000000314d    0x17f69 Core/Src/freertos.o
 .debug_macro   0x000000000001b0b6       0x43 Core/Src/freertos.o
 .debug_macro   0x000000000001b0f9     0x36c9 Core/Src/freertos.o
 .debug_macro   0x000000000001e7c2       0x5a Core/Src/freertos.o
 .debug_macro   0x000000000001e81c      0xca5 Core/Src/freertos.o
 .debug_macro   0x000000000001f4c1      0x9fe Core/Src/freertos.o
 .debug_macro   0x000000000001febf      0x117 Core/Src/freertos.o
 .debug_macro   0x000000000001ffd6      0x157 Core/Src/freertos.o
 .debug_macro   0x000000000002012d       0x27 Core/Src/freertos.o
 .debug_macro   0x0000000000020154      0x182 Core/Src/freertos.o
 .debug_macro   0x00000000000202d6      0x287 Core/Src/freertos.o
 .debug_macro   0x000000000002055d       0x5f Core/Src/freertos.o
 .debug_macro   0x00000000000205bc      0x236 Core/Src/freertos.o
 .debug_macro   0x00000000000207f2       0x22 Core/Src/freertos.o
 .debug_macro   0x0000000000020814      0x20f Core/Src/freertos.o
 .debug_macro   0x0000000000020a23      0x132 Core/Src/freertos.o
 .debug_macro   0x0000000000020b55      0x41d Core/Src/freertos.o
 .debug_macro   0x0000000000020f72       0x2e Core/Src/freertos.o
 .debug_macro   0x0000000000020fa0      0x582 Core/Src/freertos.o
 .debug_macro   0x0000000000021522      0x1b5 Core/Src/freertos.o
 .debug_macro   0x00000000000216d7       0x22 Core/Src/freertos.o
 .debug_macro   0x00000000000216f9       0xd6 Core/Src/freertos.o
 .debug_macro   0x00000000000217cf      0x198 Core/Src/freertos.o
 .debug_macro   0x0000000000021967       0xd6 Core/Src/freertos.o
 .debug_macro   0x0000000000021a3d      0x11a Core/Src/freertos.o
 .debug_macro   0x0000000000021b57       0xe2 Core/Src/freertos.o
 .debug_macro   0x0000000000021c39       0x89 Core/Src/freertos.o
 .debug_macro   0x0000000000021cc2      0x225 Core/Src/freertos.o
 .debug_macro   0x0000000000021ee7      0x8a0 Core/Src/freertos.o
 .debug_macro   0x0000000000022787       0x47 Core/Src/freertos.o
 .debug_macro   0x00000000000227ce      0x287 Core/Src/freertos.o
 .debug_macro   0x0000000000022a55      0x21e Core/Src/freertos.o
 .debug_macro   0x0000000000022c73       0x68 Core/Src/freertos.o
 .debug_macro   0x0000000000022cdb      0x134 Core/Src/freertos.o
 .debug_macro   0x0000000000022e0f      0x4c9 Core/Src/freertos.o
 .debug_macro   0x00000000000232d8      0x2f2 Core/Src/main.o
 .debug_macro   0x00000000000235ca      0x14f Core/Src/main.o
 .debug_macro   0x0000000000023719       0x66 Core/Src/main.o
 .debug_macro   0x000000000002377f       0x74 Core/Src/main.o
 .debug_macro   0x00000000000237f3       0xdd Core/Src/main.o
 .debug_macro   0x00000000000238d0      0x262 Core/Src/stm32f4xx_hal_msp.o
 .debug_macro   0x0000000000023b32      0x253 Core/Src/stm32f4xx_hal_timebase_tim.o
 .debug_macro   0x0000000000023d85      0x26c Core/Src/stm32f4xx_it.o
 .debug_macro   0x0000000000023ff1      0x259 Core/Src/system_stm32f4xx.o
 .debug_macro   0x000000000002424a      0x2b3 Drivers/STM32F4xx_HAL_Driver/stm32f4xx_hal.o
 .debug_macro   0x00000000000244fd      0x253 Drivers/STM32F4xx_HAL_Driver/stm32f4xx_hal_cortex.o
 .debug_macro   0x0000000000024750      0x253 Drivers/STM32F4xx_HAL_Driver/stm32f4xx_hal_crc.o
 .debug_macro   0x00000000000249a3      0x262 Drivers/STM32F4xx_HAL_Driver/stm32f4xx_hal_dma2d.o
 .debug_macro   0x0000000000024c05      0x289 Drivers/STM32F4xx_HAL_Driver/stm32f4xx_hal_gpio.o
 .debug_macro   0x0000000000024e8e      0x253 Drivers/STM32F4xx_HAL_Driver/stm32f4xx_hal_hcd.o
 .debug_macro   0x00000000000250e1      0x29a Drivers/STM32F4xx_HAL_Driver/stm32f4xx_hal_i2c.o
 .debug_macro   0x000000000002537b      0x253 Drivers/STM32F4xx_HAL_Driver/stm32f4xx_hal_i2c_ex.o
 .debug_macro   0x00000000000255ce      0x254 Drivers/STM32F4xx_HAL_Driver/stm32f4xx_hal_ltdc.o
 .debug_macro   0x0000000000025822      0x277 Drivers/STM32F4xx_HAL_Driver/stm32f4xx_hal_rcc.o
 .debug_macro   0x0000000000025a99      0x253 Drivers/STM32F4xx_HAL_Driver/stm32f4xx_hal_rcc_ex.o
 .debug_macro   0x0000000000025cec      0x253 Drivers/STM32F4xx_HAL_Driver/stm32f4xx_hal_sdram.o
 .debug_macro   0x0000000000025f3f      0x262 Drivers/STM32F4xx_HAL_Driver/stm32f4xx_hal_spi.o
 .debug_macro   0x00000000000261a1      0x254 Drivers/STM32F4xx_HAL_Driver/stm32f4xx_hal_tim.o
 .debug_macro   0x00000000000263f5      0x253 Drivers/STM32F4xx_HAL_Driver/stm32f4xx_hal_tim_ex.o
 .debug_macro   0x0000000000026648      0x254 Drivers/STM32F4xx_HAL_Driver/stm32f4xx_hal_uart.o
 .debug_macro   0x000000000002689c      0x253 Drivers/STM32F4xx_HAL_Driver/stm32f4xx_ll_fmc.o
 .debug_macro   0x0000000000026aef      0x253 Drivers/STM32F4xx_HAL_Driver/stm32f4xx_ll_usb.o
 .debug_macro   0x0000000000026d42      0x23a Middlewares/FreeRTOS/cmsis_os2.o
 .debug_macro   0x0000000000026f7c       0x10 Middlewares/FreeRTOS/cmsis_os2.o
 .debug_macro   0x0000000000026f8c       0x20 Middlewares/FreeRTOS/cmsis_os2.o
 .debug_macro   0x0000000000026fac       0x10 Middlewares/FreeRTOS/cmsis_os2.o
 .debug_macro   0x0000000000026fbc       0xd3 Middlewares/FreeRTOS/cmsis_os2.o
 .debug_macro   0x000000000002708f       0x91 Middlewares/FreeRTOS/cmsis_os2.o
 .debug_macro   0x0000000000027120       0x8d Middlewares/FreeRTOS/cmsis_os2.o
 .debug_macro   0x00000000000271ad       0x9a Middlewares/FreeRTOS/cmsis_os2.o
 .debug_macro   0x0000000000027247      0x1a1 Middlewares/FreeRTOS/heap_4.o
 .debug_macro   0x00000000000273e8      0x17a Middlewares/FreeRTOS/list.o
 .debug_macro   0x0000000000027562      0x196 Middlewares/FreeRTOS/port.o
 .debug_macro   0x00000000000276f8      0x209 Middlewares/FreeRTOS/queue.o
 .debug_macro   0x0000000000027901       0x16 Middlewares/FreeRTOS/queue.o
 .debug_macro   0x0000000000027917       0x87 Middlewares/FreeRTOS/queue.o
 .debug_macro   0x000000000002799e      0x272 Middlewares/FreeRTOS/tasks.o
 .debug_macro   0x0000000000027c10       0x10 Middlewares/FreeRTOS/tasks.o
 .debug_macro   0x0000000000027c20      0x1cf Middlewares/FreeRTOS/timers.o
 .debug_macro   0x0000000000027def       0x97 Middlewares/FreeRTOS/timers.o

.debug_line     0x0000000000000000    0x1b319
 .debug_line    0x0000000000000000      0xa3b Core/Src/freertos.o
 .debug_line    0x0000000000000a3b      0xcca Core/Src/main.o
 .debug_line    0x0000000000001705      0xade Core/Src/stm32f4xx_hal_msp.o
 .debug_line    0x00000000000021e3      0x8e0 Core/Src/stm32f4xx_hal_timebase_tim.o
 .debug_line    0x0000000000002ac3      0x968 Core/Src/stm32f4xx_it.o
 .debug_line    0x000000000000342b      0x8c7 Core/Src/system_stm32f4xx.o
 .debug_line    0x0000000000003cf2       0x85 Core/Startup/startup_stm32f429zitx.o
 .debug_line    0x0000000000003d77      0xb0e Drivers/STM32F4xx_HAL_Driver/stm32f4xx_hal.o
 .debug_line    0x0000000000004885      0xc0e Drivers/STM32F4xx_HAL_Driver/stm32f4xx_hal_cortex.o
 .debug_line    0x0000000000005493      0x999 Drivers/STM32F4xx_HAL_Driver/stm32f4xx_hal_crc.o
 .debug_line    0x0000000000005e2c      0xeab Drivers/STM32F4xx_HAL_Driver/stm32f4xx_hal_dma2d.o
 .debug_line    0x0000000000006cd7      0xaf1 Drivers/STM32F4xx_HAL_Driver/stm32f4xx_hal_gpio.o
 .debug_line    0x00000000000077c8      0xd85 Drivers/STM32F4xx_HAL_Driver/stm32f4xx_hal_hcd.o
 .debug_line    0x000000000000854d     0x1d98 Drivers/STM32F4xx_HAL_Driver/stm32f4xx_hal_i2c.o
 .debug_line    0x000000000000a2e5      0x91a Drivers/STM32F4xx_HAL_Driver/stm32f4xx_hal_i2c_ex.o
 .debug_line    0x000000000000abff     0x11bc Drivers/STM32F4xx_HAL_Driver/stm32f4xx_hal_ltdc.o
 .debug_line    0x000000000000bdbb      0xb42 Drivers/STM32F4xx_HAL_Driver/stm32f4xx_hal_rcc.o
 .debug_line    0x000000000000c8fd      0xa89 Drivers/STM32F4xx_HAL_Driver/stm32f4xx_hal_rcc_ex.o
 .debug_line    0x000000000000d386      0xc41 Drivers/STM32F4xx_HAL_Driver/stm32f4xx_hal_sdram.o
 .debug_line    0x000000000000dfc7     0x12a6 Drivers/STM32F4xx_HAL_Driver/stm32f4xx_hal_spi.o
 .debug_line    0x000000000000f26d     0x1b63 Drivers/STM32F4xx_HAL_Driver/stm32f4xx_hal_tim.o
 .debug_line    0x0000000000010dd0      0xf00 Drivers/STM32F4xx_HAL_Driver/stm32f4xx_hal_tim_ex.o
 .debug_line    0x0000000000011cd0     0x11f8 Drivers/STM32F4xx_HAL_Driver/stm32f4xx_hal_uart.o
 .debug_line    0x0000000000012ec8      0xc6c Drivers/STM32F4xx_HAL_Driver/stm32f4xx_ll_fmc.o
 .debug_line    0x0000000000013b34     0x1015 Drivers/STM32F4xx_HAL_Driver/stm32f4xx_ll_usb.o
 .debug_line    0x0000000000014b49     0x1f37 Middlewares/FreeRTOS/cmsis_os2.o
 .debug_line    0x0000000000016a80      0x7ff Middlewares/FreeRTOS/heap_4.o
 .debug_line    0x000000000001727f      0x717 Middlewares/FreeRTOS/list.o
 .debug_line    0x0000000000017996      0x715 Middlewares/FreeRTOS/port.o
 .debug_line    0x00000000000180ab     0x11ac Middlewares/FreeRTOS/queue.o
 .debug_line    0x0000000000019257     0x1598 Middlewares/FreeRTOS/tasks.o
 .debug_line    0x000000000001a7ef      0xb2a Middlewares/FreeRTOS/timers.o

.debug_str      0x0000000000000000    0xf0120
 .debug_str     0x0000000000000000    0xdf0e0 Core/Src/freertos.o
                                      0xdf37a (size before relaxing)
 .debug_str     0x00000000000df0e0     0x28c8 Core/Src/main.o
                                      0xe1d73 (size before relaxing)
 .debug_str     0x00000000000e19a8      0x71d Core/Src/stm32f4xx_hal_msp.o
                                      0xdd5f0 (size before relaxing)
 .debug_str     0x00000000000e20c5       0xaa Core/Src/stm32f4xx_hal_timebase_tim.o
                                      0xdb5de (size before relaxing)
 .debug_str     0x00000000000e216f       0xb8 Core/Src/stm32f4xx_it.o
                                      0xdc680 (size before relaxing)
 .debug_str     0x00000000000e2227       0xc4 Core/Src/system_stm32f4xx.o
                                      0xdac04 (size before relaxing)
 .debug_str     0x00000000000e22eb       0x36 Core/Startup/startup_stm32f429zitx.o
                                         0x87 (size before relaxing)
 .debug_str     0x00000000000e2321      0x5b6 Drivers/STM32F4xx_HAL_Driver/stm32f4xx_hal.o
                                      0xdb7a9 (size before relaxing)
 .debug_str     0x00000000000e28d7      0x3c2 Drivers/STM32F4xx_HAL_Driver/stm32f4xx_hal_cortex.o
                                      0xdb54a (size before relaxing)
 .debug_str     0x00000000000e2c99       0xe3 Drivers/STM32F4xx_HAL_Driver/stm32f4xx_hal_crc.o
                                      0xdac6f (size before relaxing)
 .debug_str     0x00000000000e2d7c      0x3ea Drivers/STM32F4xx_HAL_Driver/stm32f4xx_hal_dma2d.o
                                      0xdb224 (size before relaxing)
 .debug_str     0x00000000000e3166      0x240 Drivers/STM32F4xx_HAL_Driver/stm32f4xx_hal_gpio.o
                                      0xdae7c (size before relaxing)
 .debug_str     0x00000000000e33a6      0x3ea Drivers/STM32F4xx_HAL_Driver/stm32f4xx_hal_hcd.o
                                      0xdb29c (size before relaxing)